2025-11-26 21:24:25.856   788-990   InetDiagMessage         system_server                        D  Destroyed 0 sockets, proto=IPPROTO_TCP, family=AF_INET6, states=14
2025-11-26 21:24:25.857   788-990   InetDiagMessage         system_server                        D  Destroyed live tcp sockets for uids={20135} in 3ms
2025-11-26 21:24:25.903  1415-2356  ProtoStoreBasedCache    com.google.android.gms.persistent    W  cache is empty [CONTEXT service_id=257 ]
2025-11-26 21:24:27.248   788-869   WifiService             system_server                        I  isFeatureSupported uid=1000 returns [WIFI_FEATURE_INFRA, WIFI_FEATURE_P2P, WIFI_FEATURE_MOBILE_HOTSPOT, WIFI_FEATURE_WPA3_SAE, WIFI_FEATURE_WPA3_SUITE_B, WIFI_FEATURE_OWE, WIFI_FEATURE_DPP, WIFI_FEATURE_AP_RAND_MAC, WIFI_FEATURE_MBO, WIFI_FEATURE_FILS_SHA256, WIFI_FEATURE_FILS_SHA384, WIFI_FEATURE_SAE_PK, WIFI_FEATURE_DPP_ENROLLEE_RESPONDER, WIFI_FEATURE_PASSPOINT_TERMS_AND_CONDITIONS, WIFI_FEATURE_WFD_R2, WIFI_FEATURE_DECORATED_IDENTITY, WIFI_FEATURE_TRUST_ON_FIRST_USE, WIFI_FEATURE_SET_TLS_MINIMUM_VERSION, WIFI_FEATURE_TLS_V1_3, WIFI_FEATURE_WEP, WIFI_FEATURE_WPA_PERSONAL]
2025-11-26 21:24:27.524  1741-2048  GmsPipelineLogger       com.google.android.gms               W  GmsPipelineLogger Failed to obtain device id [CONTEXT service_id=256 ]
                                                                                                    java.lang.NullPointerException: Attempt to invoke virtual method 'java.lang.Class java.lang.Object.getClass()' on a null object reference
                                                                                                    	at filb.y(:com.google.android.gms@250834038@25.08.34 (260800-739221510):1)
                                                                                                    	at bxvl.b(:com.google.android.gms@250834038@25.08.34 (260800-739221510):43)
                                                                                                    	at bxvl.a(:com.google.android.gms@250834038@25.08.34 (260800-739221510):19)
                                                                                                    	at bxvi.run(:com.google.android.gms@250834038@25.08.34 (260800-739221510):3)
                                                                                                    	at java.util.concurrent.Executors$RunnableAdapter.call(Executors.java:524)
                                                                                                    	at java.util.concurrent.FutureTask.run(FutureTask.java:317)
                                                                                                    	at atin.c(:com.google.android.gms@250834038@25.08.34 (260800-739221510):50)
                                                                                                    	at atin.run(:com.google.android.gms@250834038@25.08.34 (260800-739221510):76)
                                                                                                    	at java.util.concurrent.ThreadPoolExecutor.runWorker(ThreadPoolExecutor.java:1156)
                                                                                                    	at java.util.concurrent.ThreadPoolExecutor$Worker.run(ThreadPoolExecutor.java:651)
                                                                                                    	at atoa.run(:com.google.android.gms@250834038@25.08.34 (260800-739221510):8)
                                                                                                    	at java.lang.Thread.run(Thread.java:1119)
2025-11-26 21:24:28.826  1178-3629  NetworkMonitor/100      com.android.networkstack.process     D  PROBE_HTTP http://connectivitycheck.gstatic.com/generate_204 Probe failed with exception java.net.SocketTimeoutException: failed to connect to connectivitycheck.gstatic.com/14.215.177.38 (port 80) from /10.0.2.15 (port 54594) after 10000ms
2025-11-26 21:24:28.828  1178-3627  NetworkMonitor/100      com.android.networkstack.process     D  isCaptivePortal: isSuccessful()=false isPortal()=false RedirectUrl=null isPartialConnectivity()=false Time=30090ms
2025-11-26 21:24:28.830   788-990   ConnectivityService     system_server                        D  [100 CELLULAR] validation failed
2025-11-26 21:24:30.551   788-1024  SntpClient              system_server                        D  request time failed: java.net.SocketTimeoutException: Poll timed out
2025-11-26 21:24:30.891   788-932   ActivityManager         system_server                        D  freezing 2225 com.google.android.as.oss
2025-11-26 21:24:30.892   788-990   InetDiagMessage         system_server                        D  Destroyed 0 sockets, proto=IPPROTO_TCP, family=AF_INET, states=14
2025-11-26 21:24:30.893   788-990   InetDiagMessage         system_server                        D  Destroyed 0 sockets, proto=IPPROTO_TCP, family=AF_INET6, states=14
2025-11-26 21:24:30.893   788-990   InetDiagMessage         system_server                        D  Destroyed live tcp sockets for uids={10135} in 1ms
2025-11-26 21:24:31.136  1235-1411  SatelliteController     com.android.phone                    D  iisInCarrierRoamingNbIotNtn: satellite is disabled
2025-11-26 21:24:32.857   521-3701  resolv                  netd                                 I  ResNSendHandler::run: 0 / {100 983140 100 983140 1073 1}
2025-11-26 21:24:32.857   521-3700  resolv                  netd                                 I  ResNSendHandler::run: 0 / {100 983140 100 983140 1073 1}
2025-11-26 21:24:32.858   521-3700  resolv                  netd                                 I  resolv_cache_lookup: FOUND IN CACHE entry=0x7409bbfa1bd0
2025-11-26 21:24:32.862   521-3702  resolv                  netd                                 I  ResNSendHandler::run: 0 / {100 983140 100 983140 1073 1}
2025-11-26 21:24:32.862   521-3702  resolv                  netd                                 I  resolv_cache_lookup: FOUND IN CACHE entry=0x74081bfa4760
2025-11-26 21:24:32.862   521-3703  resolv                  netd                                 I  ResNSendHandler::run: 0 / {100 983140 100 983140 1073 1}
2025-11-26 21:24:32.863   521-3703  resolv                  netd                                 I  resolv_cache_lookup: FOUND IN CACHE entry=0x7409bbfa2f10
2025-11-26 21:24:32.874  1178-3698  NetworkMonitor/100      com.android.networkstack.process     D  PROBE_DNS www.google.com 28ms OK 31.13.73.169,2001::1
2025-11-26 21:24:32.878   521-3704  resolv                  netd                                 I  GetAddrInfoHandler::run: {100 983140 100 983140 1073 1}
2025-11-26 21:24:32.879   521-3705  resolv                  netd                                 I  res_nmkquery: (QUERY, IN, AAAA)
2025-11-26 21:24:32.880   521-3705  resolv                  netd                                 I  resolv_cache_lookup: FOUND IN CACHE entry=0x7409bbfa1bd0
2025-11-26 21:24:32.880   521-3705  resolv                  netd                                 I  doQuery: rcode=0, ancount=1, return value=308
2025-11-26 21:24:32.881   521-3706  resolv                  netd                                 I  res_nmkquery: (QUERY, IN, A)
2025-11-26 21:24:32.882   521-3706  resolv                  netd                                 I  resolv_cache_lookup: FOUND IN CACHE entry=0x7409bbfa2f10
2025-11-26 21:24:32.882   521-3706  resolv                  netd                                 I  doQuery: rcode=0, ancount=1, return value=296
2025-11-26 21:24:35.565   788-1024  SntpClient              system_server                        D  request time failed: java.net.SocketTimeoutException: Poll timed out
2025-11-26 21:24:35.859   521-3711  resolv                  netd                                 I  GetAddrInfoHandler::run: {100 983140 100 983140 1073 1}
2025-11-26 21:24:35.860   521-3712  resolv                  netd                                 I  res_nmkquery: (QUERY, IN, AAAA)
2025-11-26 21:24:35.860   521-3712  resolv                  netd                                 I  resolv_cache_lookup: FOUND IN CACHE entry=0x74081bfa9160
2025-11-26 21:24:35.861   521-3712  resolv                  netd                                 I  doQuery: rcode=0, ancount=4, return value=404
2025-11-26 21:24:35.861   521-3713  resolv                  netd                                 I  res_nmkquery: (QUERY, IN, A)
2025-11-26 21:24:35.873   521-3713  resolv                  netd                                 I  res_nsend: used send_dg 356 terrno: 0
2025-11-26 21:24:35.873   521-3713  resolv                  netd                                 I  doQuery: rcode=0, ancount=4, return value=356
2025-11-26 21:24:37.868   521-3701  resolv                  netd                                 I  res_nsend: used send_dg 0 terrno: 110
2025-11-26 21:24:39.812   788-919   OomAdjuster             system_server                        D  Not killing cached processes
2025-11-26 21:24:39.816   788-919   ActivityManager         system_server                        D  sync unfroze 3325 com.google.android.settings.intelligence for 6
2025-11-26 21:24:39.823   788-840   ProcessStats            system_server                        W  Tracking association SourceState{143e7c9 system/1000 ImpBg #1394} whose proc state 6 is better than process ProcessState{d390100 com.google.android.settings.intelligence/10138 pkg=com.google.android.settings.intelligence} proc state 14 (0 skipped)
2025-11-26 21:24:39.835  1336-1347  SlicesIndexer           com.android.settings                 D  Slices already indexed - returning.
2025-11-26 21:24:39.836   521-572   netd                    netd                                 I  tetherGetStats() -> {[]} <1.04ms>
2025-11-26 21:24:39.847  1336-1347  SettingsSliceProvider   com.android.settings                 D  Allowlisting 10 uris to 3 pkgs.
2025-11-26 21:24:39.872  1336-1347  SlicesIndexer           com.android.settings                 D  Slices already indexed - returning.
2025-11-26 21:24:39.873  1336-1347  SettingsSliceProvider   com.android.settings                 D  Allowlisting 5 uris to 3 pkgs.
2025-11-26 21:24:39.894   788-1043  Background...rolService system_server                        D  Package event received: 0
2025-11-26 21:24:39.903   788-1043  Background...rolService system_server                        D  Package event received: 0
2025-11-26 21:24:39.904  1336-3415  SettingsSliceProvider   com.android.settings                 D  onSlicePinned: content://com.android.settings.slices/action/media_volume
2025-11-26 21:24:39.905  1336-1347  SettingsSliceProvider   com.android.settings                 D  onBindSlice start: content://com.android.settings.slices/action/media_volume
2025-11-26 21:24:39.908  1336-3406  SlicesIndexer           com.android.settings                 D  Slices already indexed - returning.
2025-11-26 21:24:39.910  1336-3406  VolumeSliceHelper       com.android.settings                 D  Registering uri for broadcast relay: content://com.android.settings.slices/action/media_volume
2025-11-26 21:24:39.911  1336-3401  SlicesIndexer           com.android.settings                 D  Slices already indexed - returning.
2025-11-26 21:24:39.912  1336-3406  SliceBroadcastRelay     com.android.settings                 D  Registering Uri for broadcast relay: content://com.android.settings.slices/action/volume_slices
2025-11-26 21:24:39.913   788-1043  Background...rolService system_server                        D  Package event received: 0
2025-11-26 21:24:39.914  1336-3401  VolumeSliceHelper       com.android.settings                 D  Registering uri for broadcast relay: content://com.android.settings.slices/action/media_volume
2025-11-26 21:24:39.915  1336-1347  SettingsSliceProvider   com.android.settings                 V  onBindSlice end
2025-11-26 21:24:39.916   788-1043  Background...rolService system_server                        D  Package event received: 0
2025-11-26 21:24:39.917  1336-1336  SettingsSliceProvider   com.android.settings                 D  Starting background worker for: content://com.android.settings.slices/action/media_volume
2025-11-26 21:24:39.917  1336-1336  SliceBackgroundWorker   com.android.settings                 D  create instance: class com.android.settings.media.MediaOutputIndicatorWorker
2025-11-26 21:24:39.917  1336-3402  SlicesIndexer           com.android.settings                 D  Slices already indexed - returning.
2025-11-26 21:24:39.918  1336-3405  SlicesIndexer           com.android.settings                 D  Slices already indexed - returning.
2025-11-26 21:24:39.918  1336-3401  SettingsSliceProvider   com.android.settings                 D  Built slice (content://com.android.settings.slices/action/media_volume) in: 7
2025-11-26 21:24:39.918   788-1043  Background...rolService system_server                        D  Package event received: 0
2025-11-26 21:24:39.920  1336-3406  SettingsSliceProvider   com.android.settings                 D  Built slice (content://com.android.settings.slices/action/media_volume) in: 12
2025-11-26 21:24:39.920  1336-3405  VolumeSliceHelper       com.android.settings                 D  Registering uri for broadcast relay: content://com.android.settings.slices/action/separate_ring_volume
2025-11-26 21:24:39.920  1336-3402  VolumeSliceHelper       com.android.settings                 D  Registering uri for broadcast relay: content://com.android.settings.slices/action/call_volume
2025-11-26 21:24:39.921   788-1043  Background...rolService system_server                        D  Package event received: 0
2025-11-26 21:24:39.921  1336-3404  SlicesIndexer           com.android.settings                 D  Slices already indexed - returning.
2025-11-26 21:24:39.921  1336-3402  SettingsSliceProvider   com.android.settings                 D  Built slice (content://com.android.settings.slices/action/call_volume) in: 4
2025-11-26 21:24:39.923   788-1043  Background...rolService system_server                        D  Package event received: 0
2025-11-26 21:24:39.924  1336-3401  SlicesIndexer           com.android.settings                 D  Slices already indexed - returning.
2025-11-26 21:24:39.925  1336-1347  SliceBuilder            com.android.settings                 D  Creating slice for: com.android.settings.notification.CallVolumePreferenceController
2025-11-26 21:24:39.925  1336-3401  VolumeSliceHelper       com.android.settings                 D  Registering uri for broadcast relay: content://com.android.settings.slices/action/alarm_volume
2025-11-26 21:24:39.925  1336-3404  VolumeSliceHelper       com.android.settings                 D  Registering uri for broadcast relay: content://com.android.settings.slices/action/notification_volume
2025-11-26 21:24:39.926  1336-3401  SettingsSliceProvider   com.android.settings                 D  Built slice (content://com.android.settings.slices/action/alarm_volume) in: 2
2025-11-26 21:24:39.926  1336-3405  SettingsSliceProvider   com.android.settings                 D  Built slice (content://com.android.settings.slices/action/separate_ring_volume) in: 8
2025-11-26 21:24:39.929  1336-3404  SettingsSliceProvider   com.android.settings                 D  Built slice (content://com.android.settings.slices/action/notification_volume) in: 8
2025-11-26 21:24:39.932  1336-3406  SlicesIndexer           com.android.settings                 D  Slices already indexed - returning.
2025-11-26 21:24:39.933  1336-3406  SliceData               com.android.settings                 W  Highlight menu key res is empty: com.android.settings.deviceinfo.firmwareversion.FirmwareVersionDetailPreferenceController
2025-11-26 21:24:39.933   788-1043  Background...rolService system_server                        D  Package event received: 0
2025-11-26 21:24:39.939  1336-3402  SlicesIndexer           com.android.settings                 D  Slices already indexed - returning.
2025-11-26 21:24:39.940  1336-3402  SliceData               com.android.settings                 W  Highlight menu key res is empty: com.android.settings.deviceinfo.hardwareinfo.DeviceModelPreferenceController
2025-11-26 21:24:39.941  1336-3406  SettingsSliceProvider   com.android.settings                 D  Built slice (content://com.android.settings.slices/action/os_firmware_version) in: 9
2025-11-26 21:24:39.943   788-1043  Background...rolService system_server                        D  Package event received: 0
2025-11-26 21:24:39.943  1336-3402  SettingsSliceProvider   com.android.settings                 D  Built slice (content://com.android.settings.slices/action/hardware_info_device_model) in: 4
2025-11-26 21:24:39.944  1336-3415  SliceBroadcastRelay     com.android.settings                 D  Registering Uri for broadcast relay: content://com.android.settings.slices/action/mobile_data
2025-11-26 21:24:39.945   788-1045  BroadcastLoopers        system_server                        W  Found previously unknown looper Thread[SliceManagerService,5,main]
2025-11-26 21:24:39.947  1336-1336  SettingsSliceProvider   com.android.settings                 D  Starting background worker for: content://com.android.settings.slices/action/mobile_data
2025-11-26 21:24:39.947  1336-1336  SliceBackgroundWorker   com.android.settings                 D  create instance: class com.android.settings.network.telephony.MobileDataSlice$MobileDataWorker
2025-11-26 21:24:39.948   788-1043  Background...rolService system_server                        D  Package event received: 0
2025-11-26 21:24:39.949  1336-3401  SlicesIndexer           com.android.settings                 D  Slices already indexed - returning.
2025-11-26 21:24:39.951   788-1043  Background...rolService system_server                        D  Package event received: 0
2025-11-26 21:24:39.952  1336-3401  SettingsSliceProvider   com.android.settings                 D  Could not create slicedata for uri: content://com.android.settings.slices/intent/wifi_calling
                                                                                                    java.lang.IllegalStateException: Invalid Slices key from path: wifi_calling
                                                                                                    	at com.android.settings.slices.SlicesDatabaseAccessor.getIndexedSliceData(SlicesDatabaseAccessor.java:133)
                                                                                                    	at com.android.settings.slices.SlicesDatabaseAccessor.getSliceDataFromUri(SlicesDatabaseAccessor.java:76)
                                                                                                    	at com.android.settings.slices.SettingsSliceProvider.loadSlice(SettingsSliceProvider.java:426)
                                                                                                    	at com.android.settings.slices.SettingsSliceProvider.lambda$loadSliceInBackground$5(SettingsSliceProvider.java:457)
                                                                                                    	at com.android.settings.slices.SettingsSliceProvider.$r8$lambda$F6THPPOOlgUQrkUG5e2ThbF-zrY(SettingsSliceProvider.java:0)
                                                                                                    	at com.android.settings.slices.SettingsSliceProvider$$ExternalSyntheticLambda4.run(R8$$SyntheticClass:0)
                                                                                                    	at java.util.concurrent.Executors$RunnableAdapter.call(Executors.java:524)
                                                                                                    	at com.google.common.util.concurrent.TrustedListenableFutureTask$TrustedFutureInterruptibleTask.runInterruptibly(TrustedListenableFutureTask.java:131)
                                                                                                    	at com.google.common.util.concurrent.InterruptibleTask.run(InterruptibleTask.java:76)
                                                                                                    	at com.google.common.util.concurrent.TrustedListenableFutureTask.run(TrustedListenableFutureTask.java:82)
                                                                                                    	at java.util.concurrent.ThreadPoolExecutor.runWorker(ThreadPoolExecutor.java:1156)
                                                                                                    	at java.util.concurrent.ThreadPoolExecutor$Worker.run(ThreadPoolExecutor.java:651)
                                                                                                    	at java.lang.Thread.run(Thread.java:1119)
2025-11-26 21:24:39.954  1336-3405  SlicesIndexer           com.android.settings                 D  Slices already indexed - returning.
2025-11-26 21:24:39.954   788-1043  Background...rolService system_server                        D  Package event received: 0
2025-11-26 21:24:39.954  1336-3405  SettingsSliceProvider   com.android.settings                 D  Could not create slicedata for uri: content://android.settings.slices/action/airplane_mode
                                                                                                    java.lang.IllegalStateException: Invalid Slices key from path: airplane_mode
                                                                                                    	at com.android.settings.slices.SlicesDatabaseAccessor.getIndexedSliceData(SlicesDatabaseAccessor.java:133)
                                                                                                    	at com.android.settings.slices.SlicesDatabaseAccessor.getSliceDataFromUri(SlicesDatabaseAccessor.java:76)
                                                                                                    	at com.android.settings.slices.SettingsSliceProvider.loadSlice(SettingsSliceProvider.java:426)
                                                                                                    	at com.android.settings.slices.SettingsSliceProvider.lambda$loadSliceInBackground$5(SettingsSliceProvider.java:457)
                                                                                                    	at com.android.settings.slices.SettingsSliceProvider.$r8$lambda$F6THPPOOlgUQrkUG5e2ThbF-zrY(SettingsSliceProvider.java:0)
                                                                                                    	at com.android.settings.slices.SettingsSliceProvider$$ExternalSyntheticLambda4.run(R8$$SyntheticClass:0)
                                                                                                    	at java.util.concurrent.Executors$RunnableAdapter.call(Executors.java:524)
                                                                                                    	at com.google.common.util.concurrent.TrustedListenableFutureTask$TrustedFutureInterruptibleTask.runInterruptibly(TrustedListenableFutureTask.java:131)
                                                                                                    	at com.google.common.util.concurrent.InterruptibleTask.run(InterruptibleTask.java:76)
                                                                                                    	at com.google.common.util.concurrent.TrustedListenableFutureTask.run(TrustedListenableFutureTask.java:82)
                                                                                                    	at java.util.concurrent.ThreadPoolExecutor.runWorker(ThreadPoolExecutor.java:1156)
                                                                                                    	at java.util.concurrent.ThreadPoolExecutor$Worker.run(ThreadPoolExecutor.java:651)
                                                                                                    	at java.lang.Thread.run(Thread.java:1119)
2025-11-26 21:24:39.957  1336-3404  SlicesIndexer           com.android.settings                 D  Slices already indexed - returning.
2025-11-26 21:24:39.958   788-1043  Background...rolService system_server                        D  Package event received: 0
2025-11-26 21:24:39.960  1336-3415  SliceBroadcastRelay     com.android.settings                 D  Registering Uri for broadcast relay: content://android.settings.slices/action/bluetooth
2025-11-26 21:24:39.963  1336-3404  SettingsSliceProvider   com.android.settings                 D  Built slice (content://android.settings.slices/action/battery_saver) in: 4
2025-11-26 21:24:39.964   788-1043  Background...rolService system_server                        D  Package event received: 0
2025-11-26 21:24:39.966   788-1043  Background...rolService system_server                        D  Package event received: 0
2025-11-26 21:24:39.969  1336-1336  SettingsSliceProvider   com.android.settings                 D  Starting background worker for: content://android.settings.slices/action/wifi
2025-11-26 21:24:39.969  1336-1336  SliceBackgroundWorker   com.android.settings                 D  create instance: class com.android.settings.wifi.slice.WifiScanWorker
2025-11-26 21:24:39.969   788-1043  Background...rolService system_server                        D  Package event received: 0
2025-11-26 21:24:39.972  1336-3415  SliceBuilder            com.android.settings                 D  Creating slice for: com.android.settings.notification.SeparateRingVolumePreferenceController
2025-11-26 21:24:39.975  3325-3325  CompatChangeReporter    com...android.settings.intelligence  D  Compat change id reported: 279646685; UID 10138; state: ENABLED
2025-11-26 21:24:39.980   788-1361  WifiService             system_server                        I  getVerboseLoggingLevel uid=1000
2025-11-26 21:24:39.982  1336-1336  WifiPickerTracker       com.android.settings                 V  onStart
2025-11-26 21:24:39.982  1336-1336  WsuServiceClient        com.android.settings                 D  Binding to com.google.android.apps.carrier.carrierwifi
2025-11-26 21:24:39.983  1336-1336  WsuServiceClient        com.android.settings                 D  the specified wsu service is not installed.
2025-11-26 21:24:39.984   788-1757  WifiService             system_server                        I  addWifiStateChangedListener uid=1000
2025-11-26 21:24:39.986  1336-1347  WifiManager             com.android.settings                 I  WifiStateChangedListenerProxy: onWifiStateChanged
2025-11-26 21:24:39.986   788-1985  WifiService             system_server                        I  getWifiEnabledState uid=1000 state=3
2025-11-26 21:24:39.988  1336-3721  WifiPickerTracker       com.android.settings                 I  Scanning started
2025-11-26 21:24:39.994  1336-3721  WifiScanner             com.android.settings                 E  listener does not exist
2025-11-26 21:24:39.994  1741-1741  BoundBrokerSvc          com.google.android.gms               D  onBind: Intent { act=com.google.android.gms.feedback.internal.IFeedbackService dat=chimera-action:/... xflg=0x4 cmp=com.google.android.gms/.chimera.GmsBoundBrokerService }
2025-11-26 21:24:39.994  1741-1741  BoundBrokerSvc          com.google.android.gms               D  Loading bound service for intent: Intent { act=com.google.android.gms.feedback.internal.IFeedbackService dat=chimera-action:/... xflg=0x4 cmp=com.google.android.gms/.chimera.GmsBoundBrokerService }
2025-11-26 21:24:39.994  1336-3415  SliceBuilder            com.android.settings                 D  Creating slice for: com.android.settings.notification.NotificationVolumePreferenceController
2025-11-26 21:24:39.995   788-905   WifiService             system_server                        I  getVerboseLoggingLevel uid=1000
2025-11-26 21:24:39.996  1336-3721  WifiPickerTracker       com.android.settings                 V  Issuing scan request from WifiScanner
2025-11-26 21:24:40.000   788-988   WifiScanningService     system_server                        I  Registering listener= android.net.wifi.IWifiScannerListener$Stub$Proxy@2052162 uid=1000 packageName=com.android.settings workSource=WorkSource{1000}
2025-11-26 21:24:40.000   788-988   WifiScanningService     system_server                        I  start scan: ClientInfo[uid=1000, package=com.android.settings, attributionTag=null, android.net.wifi.IWifiScannerListener$Stub$Proxy@2052162] package com.android.settings AttributionTag null
2025-11-26 21:24:40.001   788-988   WifiScanningService     system_server                        I  addSingleScanRequest: ClientInfo[uid=1000, package=com.android.settings, attributionTag=null, android.net.wifi.IWifiScannerListener$Stub$Proxy@2052162], ScanSettings {  type:LOW LATENCY band:24Ghz & 5Ghz (no DFS) ignoreLocationSettings:false period:0 reportEvents:3 numBssidsPerScan:0 maxScansToCache:0 rnrSetting:1 6GhzPscOnlyEnabled:false channels:[  ]  } 
2025-11-26 21:24:40.001   788-905   WifiService             system_server                        I  getVerboseLoggingLevel uid=1000
2025-11-26 21:24:40.001   788-988   WifiScanningService     system_server                        D  replySucceeded onSuccess
2025-11-26 21:24:40.001  1336-3721  WifiPickerTracker       com.android.settings                 V  onWifiEntriesChanged: reason=0
2025-11-26 21:24:40.002  1336-3721  WifiPickerTracker       com.android.settings                 V  No entries!
2025-11-26 21:24:40.002  1336-3721  WifiPickerTracker       com.android.settings                 V  MergedCarrierEntry: null
2025-11-26 21:24:40.007  3325-3325  HWUI                    com...android.settings.intelligence  W  Image decoding logging dropped!
2025-11-26 21:24:40.007   788-1757  WifiService             system_server                        I  getVerboseLoggingLevel uid=1000
2025-11-26 21:24:40.013   788-905   CompatChangeReporter    system_server                        D  Compat change id reported: 349487600; UID 1000; state: ENABLED
2025-11-26 21:24:40.016   788-990   ConnectivityService     system_server                        D  NetReassign [no changes] [c 0] [a 0] [i 1]
2025-11-26 21:24:40.017   788-1985  ConnectivityService     system_server                        D  requestNetwork for uid/pid:1000/1336 activeRequest: null callbackRequest: 138 [NetworkRequest [ REQUEST id=139, [ Capabilities: INTERNET&NOT_RESTRICTED&TRUSTED&NOT_VCN_MANAGED&NOT_BANDWIDTH_CONSTRAINED Uid: 1000 RequestorUid: 1000 RequestorPkg: com.android.settings UnderlyingNetworks: Null] ]] callback flags: 1 order: 2147483647 isUidTracked: false declaredMethods: AVAIL|LOST|NC
2025-11-26 21:24:40.018  1074-1074  wpa_supplicant          wpa_supplicant                       D  nl80211: Drv Event 33 (NL80211_CMD_TRIGGER_SCAN) received for wlan0
2025-11-26 21:24:40.018  1074-1074  wpa_supplicant          wpa_supplicant                       D  wlan0: nl80211: Scan trigger
2025-11-26 21:24:40.018  1074-1074  wpa_supplicant          wpa_supplicant                       D  wlan0: Event SCAN_STARTED (47) received
2025-11-26 21:24:40.018  1074-1074  wpa_supplicant          wpa_supplicant                       D  wlan0: External program started a scan
2025-11-26 21:24:40.020  1336-1348  VolumeSliceHelper       com.android.settings                 D  Unregistering uri broadcast relay: content://com.android.settings.slices/action/call_volume
2025-11-26 21:24:40.021   788-984   WifiNetworkFactory      system_server                        D  got request NetworkRequest [ REQUEST id=139, [ Capabilities: INTERNET&NOT_RESTRICTED&TRUSTED&NOT_VCN_MANAGED&NOT_BANDWIDTH_CONSTRAINED Uid: 1000 RequestorUid: 1000 RequestorPkg: com.android.settings UnderlyingNetworks: Null] ]
2025-11-26 21:24:40.021   788-984   WifiNetworkFactory      system_server                        V  Accepted network request NetworkRequest [ REQUEST id=139, [ Capabilities: INTERNET&NOT_RESTRICTED&TRUSTED&NOT_VCN_MANAGED&NOT_BANDWIDTH_CONSTRAINED Uid: 1000 RequestorUid: 1000 RequestorPkg: com.android.settings UnderlyingNetworks: Null] ]
2025-11-26 21:24:40.021   788-984   UntrustedW...orkFactory system_server                        D  got request NetworkRequest [ REQUEST id=139, [ Capabilities: INTERNET&NOT_RESTRICTED&TRUSTED&NOT_VCN_MANAGED&NOT_BANDWIDTH_CONSTRAINED Uid: 1000 RequestorUid: 1000 RequestorPkg: com.android.settings UnderlyingNetworks: Null] ]
2025-11-26 21:24:40.023   788-990   ConnectivityService     system_server                        D  NetReassign [139 : null  100] [c 0] [a 1] [i 1]
2025-11-26 21:24:40.023   788-984   OemPaidWif...orkFactory system_server                        D  got request NetworkRequest [ REQUEST id=139, [ Capabilities: INTERNET&NOT_RESTRICTED&TRUSTED&NOT_VCN_MANAGED&NOT_BANDWIDTH_CONSTRAINED Uid: 1000 RequestorUid: 1000 RequestorPkg: com.android.settings UnderlyingNetworks: Null] ]
2025-11-26 21:24:40.023   788-984   MultiInter...orkFactory system_server                        D  got request NetworkRequest [ REQUEST id=139, [ Capabilities: INTERNET&NOT_RESTRICTED&TRUSTED&NOT_VCN_MANAGED&NOT_BANDWIDTH_CONSTRAINED Uid: 1000 RequestorUid: 1000 RequestorPkg: com.android.settings UnderlyingNetworks: Null] ]
2025-11-26 21:24:40.025  1336-3415  SliceBuilder            com.android.settings                 D  Creating slice for: com.android.settings.notification.AlarmVolumePreferenceController
2025-11-26 21:24:40.027   788-905   WifiPermissionsUtil     system_server                        V  enforceNearbyDevicesPermission(attributionSource=AttributionSource { uid = 1000, packageName = com.android.settings, attributionTag = null, token = android.os.BinderProxy@e461d6b, deviceId = 0, next = null }, checkForLocation=false
2025-11-26 21:24:40.027   788-905   WifiService             system_server                        I  getPrivilegedConfiguredNetworks uid=1000
2025-11-26 21:24:40.030   788-1361  WifiService             system_server                        I  getWifiConfigsForMatchedNetworkSuggestions uid=1000
2025-11-26 21:24:40.030   788-1361  ScanResultUtil          system_server                        W  Empty or null ScanResult list
2025-11-26 21:24:40.030   788-1361  WifiService             system_server                        W  Attempt to retrieve WifiConfiguration with invalid scanResult List
2025-11-26 21:24:40.031   788-1361  WifiService             system_server                        I  getPasspointConfigurations uid=1000
2025-11-26 21:24:40.035   788-1985  WifiService             system_server                        I  getScanResults uid=1000
2025-11-26 21:24:40.036  1336-1347  VolumeSliceHelper       com.android.settings                 D  Unregistering uri broadcast relay: content://com.android.settings.slices/action/separate_ring_volume
2025-11-26 21:24:40.041   788-1985  WifiService             system_server                        I  getWifiEnabledState uid=1000 state=3
2025-11-26 21:24:40.042  1336-3415  VolumeSliceHelper       com.android.settings                 D  Unregistering uri broadcast relay: content://com.android.settings.slices/action/notification_volume
2025-11-26 21:24:40.043   788-1361  WifiService             system_server                        I  getScanResults uid=1000
2025-11-26 21:24:40.045   788-1059  WifiService             system_server                        I  getWifiConfigsForMatchedNetworkSuggestions uid=1000
2025-11-26 21:24:40.045   788-1059  ScanResultUtil          system_server                        W  Empty or null ScanResult list
2025-11-26 21:24:40.045   788-1059  WifiService             system_server                        W  Attempt to retrieve WifiConfiguration with invalid scanResult List
2025-11-26 21:24:40.047   788-905   WifiService             system_server                        I  getMatchingPasspointConfigurations uid=1000
2025-11-26 21:24:40.047  1336-3415  VolumeSliceHelper       com.android.settings                 D  Unregistering uri broadcast relay: content://com.android.settings.slices/action/alarm_volume
2025-11-26 21:24:40.048   788-905   ScanResultUtil          system_server                        W  Empty or null ScanResult list
2025-11-26 21:24:40.048   788-905   WifiService             system_server                        E  Attempt to retrieve passpoint with invalid scanResult List
2025-11-26 21:24:40.048   788-1361  WifiService             system_server                        I  getMatchingOsuProviders uid=1000
2025-11-26 21:24:40.048   788-1361  ScanResultUtil          system_server                        W  Empty or null ScanResult list
2025-11-26 21:24:40.048   788-1361  WifiService             system_server                        W  Attempt to retrieve OsuProviders with invalid scanResult List
2025-11-26 21:24:40.049  1336-1347  SliceBuilder            com.android.settings                 D  Creating slice for: com.android.settings.deviceinfo.firmwareversion.FirmwareVersionDetailPreferenceController
2025-11-26 21:24:40.051   788-1361  WifiService             system_server                        I  getMatchingPasspointConfigsForOsuProviders uid=1000
2025-11-26 21:24:40.054   788-1361  WifiService             system_server                        I  getCurrentNetwork uid=1000
2025-11-26 21:24:40.055   788-905   WifiService             system_server                        I  getCurrentNetwork uid=1000
2025-11-26 21:24:40.057   788-905   WifiService             system_server                        I  getVerboseLoggingLevel uid=1000
2025-11-26 21:24:40.057  1336-3721  WifiPickerTracker       com.android.settings                 V  onWifiEntriesChanged: reason=0
2025-11-26 21:24:40.057  1336-3721  WifiPickerTracker       com.android.settings                 V  No entries!
2025-11-26 21:24:40.057  1336-3721  WifiPickerTracker       com.android.settings                 V  MergedCarrierEntry: [MergedCarrierEntry][][][Level:-1][SubId:1]
2025-11-26 21:24:40.059   788-1361  WifiService             system_server                        I  getWifiEnabledState uid=1000 state=3
2025-11-26 21:24:40.060   788-1985  WifiService             system_server                        I  getVerboseLoggingLevel uid=1000
2025-11-26 21:24:40.060  1741-2048  Icing                   com.google.android.gms               I  Removing corpus key com.google.android.settings.intelligence-internal.3p:Thing for package com.google.android.settings.intelligence
2025-11-26 21:24:40.060  1336-3721  WifiPickerTracker       com.android.settings                 V  onWifiEntriesChanged: reason=0
2025-11-26 21:24:40.060  1336-3721  WifiPickerTracker       com.android.settings                 V  No entries!
2025-11-26 21:24:40.060  1336-3721  WifiPickerTracker       com.android.settings                 V  MergedCarrierEntry: [MergedCarrierEntry][][][Level:-1][SubId:1]
2025-11-26 21:24:40.063  1336-1347  SliceBuilder            com.android.settings                 D  Creating slice for: com.android.settings.deviceinfo.hardwareinfo.DeviceModelPreferenceController
2025-11-26 21:24:40.073  1336-1347  SubscriptionRepository  com.android.settings                 D  getSelectableSubscriptionInfoList: [[SubscriptionInfo: id=1 iccId=89860318640220133897 simSlotIndex=0 portIndex=0 isEmbedded=false carrierId=1 displayName=T-Mobile carrierName=T-Mobile isOpportunistic=false groupUuid=null groupOwner= isGroupDisabled=false displayNameSource=CARRIER iconTint=-6728704 number=+15551234567 dataRoaming=0 mcc=310 mnc=260 ehplmns=[] hplmns=[] cardString=89860318640220133897 cardId=0 nativeAccessRules=null carrierConfigAccessRules=[cert: 92B5F8117FBD9BD5738FF168A4FA12CBE284BE834EDE1A7BB44DD8455BA15920 pkg: com.tmobile.rsuapp access: 0, cert: 92B5F8117FBD9BD5738FF168A4FA12CBE284BE834EDE1A7BB44DD8455BA15920 pkg: com.tmobile.echolocate access: 0, cert: 92B5F8117FBD9BD5738FF168A4FA12CBE284BE834EDE1A7BB44DD8455BA15920 pkg: com.tmobile.services.nameid access: 0, cert: 92B5F8117FBD9BD5738FF168A4FA12CBE284BE834EDE1A7BB44DD8455BA15920 pkg: com.tmobile.pr.mytmobile access: 0, cert: 92B5F8117FBD9BD5738FF168A4FA12CBE284BE834EDE1A7BB44DD8455BA15920 pkg: com.tmobile.vvm.application access: 0, cert: 3D1A4BEF6EE7AF7D34D120E7B1AAC0DD245585DE6237CF100F68333AFACFF562 pkg: com.tmobile.rsuapp access: 0, cert: 3D1A4BEF6EE7AF7D34D120E7B1AAC0DD245585DE6237CF100F68333AFACFF562 pkg: com.tmobile.echolocate access: 0, cert: 3D1A4BEF6EE7AF7D34D120E7B1AAC0DD245585DE6237CF100F68333AFACFF562 pkg: com.tmobile.services.nameid access: 0, cert: 3D1A4BEF6EE7AF7D34D120E7B1AAC0DD245585DE6237CF100F68333AFACFF562 pkg: com.tmobile.pr.mytmobile access: 0, cert: 3D1A4BEF6EE7AF7D34D120E7B1AAC0DD245585DE6237CF100F68333AFACFF562 pkg: com.tmobile.vvm.application access: 0, cert: 6892793FC413019D2DF609DFED7AF622D0F2D8FCF96EFA7E3FB87EEA34E10B93 pkg: com.tmobile.rsuapp access: 0, cert: 6892793FC413019D2DF609DFED7AF622D0F2D8FCF96EFA7E3FB87EEA34E10B93 pkg: com.tmobile.echolocate access: 0, cert: 6892793FC413019D2DF609DFED7AF622D0F2D8FCF96EFA7E3FB87EEA34E10B93 pkg: com.tmobile.services.nameid access: 0, cert: 6892793FC413019D2DF609DFED7AF622D0F2D8FCF96EFA7E3FB87EEA34E10B93 pkg: com.tmobile.pr.mytmobile access: 0, cert: 6892793FC413019D2DF609DFED7AF622D0F2D8FCF96EFA7E3FB87EEA34E10B93 pkg: com.tmobile.vvm.application access: 0, cert: 7B68FD9D4E7610C9CB35FC0C6CC06EA04C6906E3DFA9F48F9A05460AF36BFFFC pkg: com.tmobile.rsuapp access: 0, cert: 7B68FD9D4E7610C9CB35FC0C6CC06EA04C6906E3DFA9F48F9A05460AF36BFFFC pkg: com.tmobile.echolocate access: 0, cert: 7B68FD9D4E7610C9CB35FC0C6CC06EA04C6906E3DFA9F48F9A05460AF36BFFFC pkg: com.tmobile.services.nameid access: 0, cert: 7B68FD9D4E7610C9CB35FC0C6CC06EA04C6906E3DFA9F48F9A05460AF36BFFFC pkg: com.tmobile.pr.mytmobile access: 0, cert: 7B68FD9D4E7610C9CB35FC0C6CC06EA04C6906E3DFA9F48F9A05460AF36BFFFC pkg: com.tmobile.vvm.application access: 0] countryIso=us profileClass=-1 mType=LOCAL_SIM areUiccApplicationsEnabled=true usageSetting=DEFAULT isOnlyNonTerrestrialNetwork=false serviceCapabilities=[1, 2, 3] transferStatus=0 isSatelliteESOSSupported=false]]
2025-11-26 21:24:40.076  1336-1347  SubscriptionRepository  com.android.settings                 D  getSelectableSubscriptionInfoList: [[SubscriptionInfo: id=1 iccId=89860318640220133897 simSlotIndex=0 portIndex=0 isEmbedded=false carrierId=1 displayName=T-Mobile carrierName=T-Mobile isOpportunistic=false groupUuid=null groupOwner= isGroupDisabled=false displayNameSource=CARRIER iconTint=-6728704 number=+15551234567 dataRoaming=0 mcc=310 mnc=260 ehplmns=[] hplmns=[] cardString=89860318640220133897 cardId=0 nativeAccessRules=null carrierConfigAccessRules=[cert: 92B5F8117FBD9BD5738FF168A4FA12CBE284BE834EDE1A7BB44DD8455BA15920 pkg: com.tmobile.rsuapp access: 0, cert: 92B5F8117FBD9BD5738FF168A4FA12CBE284BE834EDE1A7BB44DD8455BA15920 pkg: com.tmobile.echolocate access: 0, cert: 92B5F8117FBD9BD5738FF168A4FA12CBE284BE834EDE1A7BB44DD8455BA15920 pkg: com.tmobile.services.nameid access: 0, cert: 92B5F8117FBD9BD5738FF168A4FA12CBE284BE834EDE1A7BB44DD8455BA15920 pkg: com.tmobile.pr.mytmobile access: 0, cert: 92B5F8117FBD9BD5738FF168A4FA12CBE284BE834EDE1A7BB44DD8455BA15920 pkg: com.tmobile.vvm.application access: 0, cert: 3D1A4BEF6EE7AF7D34D120E7B1AAC0DD245585DE6237CF100F68333AFACFF562 pkg: com.tmobile.rsuapp access: 0, cert: 3D1A4BEF6EE7AF7D34D120E7B1AAC0DD245585DE6237CF100F68333AFACFF562 pkg: com.tmobile.echolocate access: 0, cert: 3D1A4BEF6EE7AF7D34D120E7B1AAC0DD245585DE6237CF100F68333AFACFF562 pkg: com.tmobile.services.nameid access: 0, cert: 3D1A4BEF6EE7AF7D34D120E7B1AAC0DD245585DE6237CF100F68333AFACFF562 pkg: com.tmobile.pr.mytmobile access: 0, cert: 3D1A4BEF6EE7AF7D34D120E7B1AAC0DD245585DE6237CF100F68333AFACFF562 pkg: com.tmobile.vvm.application access: 0, cert: 6892793FC413019D2DF609DFED7AF622D0F2D8FCF96EFA7E3FB87EEA34E10B93 pkg: com.tmobile.rsuapp access: 0, cert: 6892793FC413019D2DF609DFED7AF622D0F2D8FCF96EFA7E3FB87EEA34E10B93 pkg: com.tmobile.echolocate access: 0, cert: 6892793FC413019D2DF609DFED7AF622D0F2D8FCF96EFA7E3FB87EEA34E10B93 pkg: com.tmobile.services.nameid access: 0, cert: 6892793FC413019D2DF609DFED7AF622D0F2D8FCF96EFA7E3FB87EEA34E10B93 pkg: com.tmobile.pr.mytmobile access: 0, cert: 6892793FC413019D2DF609DFED7AF622D0F2D8FCF96EFA7E3FB87EEA34E10B93 pkg: com.tmobile.vvm.application access: 0, cert: 7B68FD9D4E7610C9CB35FC0C6CC06EA04C6906E3DFA9F48F9A05460AF36BFFFC pkg: com.tmobile.rsuapp access: 0, cert: 7B68FD9D4E7610C9CB35FC0C6CC06EA04C6906E3DFA9F48F9A05460AF36BFFFC pkg: com.tmobile.echolocate access: 0, cert: 7B68FD9D4E7610C9CB35FC0C6CC06EA04C6906E3DFA9F48F9A05460AF36BFFFC pkg: com.tmobile.services.nameid access: 0, cert: 7B68FD9D4E7610C9CB35FC0C6CC06EA04C6906E3DFA9F48F9A05460AF36BFFFC pkg: com.tmobile.pr.mytmobile access: 0, cert: 7B68FD9D4E7610C9CB35FC0C6CC06EA04C6906E3DFA9F48F9A05460AF36BFFFC pkg: com.tmobile.vvm.application access: 0] countryIso=us profileClass=-1 mType=LOCAL_SIM areUiccApplicationsEnabled=true usageSetting=DEFAULT isOnlyNonTerrestrialNetwork=false serviceCapabilities=[1, 2, 3] transferStatus=0 isSatelliteESOSSupported=false]]
2025-11-26 21:24:40.077  1336-1347  SubscriptionRepository  com.android.settings                 D  getSelectableSubscriptionInfoList: [[SubscriptionInfo: id=1 iccId=89860318640220133897 simSlotIndex=0 portIndex=0 isEmbedded=false carrierId=1 displayName=T-Mobile carrierName=T-Mobile isOpportunistic=false groupUuid=null groupOwner= isGroupDisabled=false displayNameSource=CARRIER iconTint=-6728704 number=+15551234567 dataRoaming=0 mcc=310 mnc=260 ehplmns=[] hplmns=[] cardString=89860318640220133897 cardId=0 nativeAccessRules=null carrierConfigAccessRules=[cert: 92B5F8117FBD9BD5738FF168A4FA12CBE284BE834EDE1A7BB44DD8455BA15920 pkg: com.tmobile.rsuapp access: 0, cert: 92B5F8117FBD9BD5738FF168A4FA12CBE284BE834EDE1A7BB44DD8455BA15920 pkg: com.tmobile.echolocate access: 0, cert: 92B5F8117FBD9BD5738FF168A4FA12CBE284BE834EDE1A7BB44DD8455BA15920 pkg: com.tmobile.services.nameid access: 0, cert: 92B5F8117FBD9BD5738FF168A4FA12CBE284BE834EDE1A7BB44DD8455BA15920 pkg: com.tmobile.pr.mytmobile access: 0, cert: 92B5F8117FBD9BD5738FF168A4FA12CBE284BE834EDE1A7BB44DD8455BA15920 pkg: com.tmobile.vvm.application access: 0, cert: 3D1A4BEF6EE7AF7D34D120E7B1AAC0DD245585DE6237CF100F68333AFACFF562 pkg: com.tmobile.rsuapp access: 0, cert: 3D1A4BEF6EE7AF7D34D120E7B1AAC0DD245585DE6237CF100F68333AFACFF562 pkg: com.tmobile.echolocate access: 0, cert: 3D1A4BEF6EE7AF7D34D120E7B1AAC0DD245585DE6237CF100F68333AFACFF562 pkg: com.tmobile.services.nameid access: 0, cert: 3D1A4BEF6EE7AF7D34D120E7B1AAC0DD245585DE6237CF100F68333AFACFF562 pkg: com.tmobile.pr.mytmobile access: 0, cert: 3D1A4BEF6EE7AF7D34D120E7B1AAC0DD245585DE6237CF100F68333AFACFF562 pkg: com.tmobile.vvm.application access: 0, cert: 6892793FC413019D2DF609DFED7AF622D0F2D8FCF96EFA7E3FB87EEA34E10B93 pkg: com.tmobile.rsuapp access: 0, cert: 6892793FC413019D2DF609DFED7AF622D0F2D8FCF96EFA7E3FB87EEA34E10B93 pkg: com.tmobile.echolocate access: 0, cert: 6892793FC413019D2DF609DFED7AF622D0F2D8FCF96EFA7E3FB87EEA34E10B93 pkg: com.tmobile.services.nameid access: 0, cert: 6892793FC413019D2DF609DFED7AF622D0F2D8FCF96EFA7E3FB87EEA34E10B93 pkg: com.tmobile.pr.mytmobile access: 0, cert: 6892793FC413019D2DF609DFED7AF622D0F2D8FCF96EFA7E3FB87EEA34E10B93 pkg: com.tmobile.vvm.application access: 0, cert: 7B68FD9D4E7610C9CB35FC0C6CC06EA04C6906E3DFA9F48F9A05460AF36BFFFC pkg: com.tmobile.rsuapp access: 0, cert: 7B68FD9D4E7610C9CB35FC0C6CC06EA04C6906E3DFA9F48F9A05460AF36BFFFC pkg: com.tmobile.echolocate access: 0, cert: 7B68FD9D4E7610C9CB35FC0C6CC06EA04C6906E3DFA9F48F9A05460AF36BFFFC pkg: com.tmobile.services.nameid access: 0, cert: 7B68FD9D4E7610C9CB35FC0C6CC06EA04C6906E3DFA9F48F9A05460AF36BFFFC pkg: com.tmobile.pr.mytmobile access: 0, cert: 7B68FD9D4E7610C9CB35FC0C6CC06EA04C6906E3DFA9F48F9A05460AF36BFFFC pkg: com.tmobile.vvm.application access: 0] countryIso=us profileClass=-1 mType=LOCAL_SIM areUiccApplicationsEnabled=true usageSetting=DEFAULT isOnlyNonTerrestrialNetwork=false serviceCapabilities=[1, 2, 3] transferStatus=0 isSatelliteESOSSupported=false]]
2025-11-26 21:24:40.079  1336-1347  SubscriptionUtil        com.android.settings                 D  remove cached display name : 1
