2025-11-26 21:24:40.081  1336-1347  SubscriptionRepository  com.android.settings                 D  getSelectableSubscriptionInfoList: [[SubscriptionInfo: id=1 iccId=89860318640220133897 simSlotIndex=0 portIndex=0 isEmbedded=false carrierId=1 displayName=T-Mobile carrierName=T-Mobile isOpportunistic=false groupUuid=null groupOwner= isGroupDisabled=false displayNameSource=CARRIER iconTint=-6728704 number=+15551234567 dataRoaming=0 mcc=310 mnc=260 ehplmns=[] hplmns=[] cardString=89860318640220133897 cardId=0 nativeAccessRules=null carrierConfigAccessRules=[cert: 92B5F8117FBD9BD5738FF168A4FA12CBE284BE834EDE1A7BB44DD8455BA15920 pkg: com.tmobile.rsuapp access: 0, cert: 92B5F8117FBD9BD5738FF168A4FA12CBE284BE834EDE1A7BB44DD8455BA15920 pkg: com.tmobile.echolocate access: 0, cert: 92B5F8117FBD9BD5738FF168A4FA12CBE284BE834EDE1A7BB44DD8455BA15920 pkg: com.tmobile.services.nameid access: 0, cert: 92B5F8117FBD9BD5738FF168A4FA12CBE284BE834EDE1A7BB44DD8455BA15920 pkg: com.tmobile.pr.mytmobile access: 0, cert: 92B5F8117FBD9BD5738FF168A4FA12CBE284BE834EDE1A7BB44DD8455BA15920 pkg: com.tmobile.vvm.application access: 0, cert: 3D1A4BEF6EE7AF7D34D120E7B1AAC0DD245585DE6237CF100F68333AFACFF562 pkg: com.tmobile.rsuapp access: 0, cert: 3D1A4BEF6EE7AF7D34D120E7B1AAC0DD245585DE6237CF100F68333AFACFF562 pkg: com.tmobile.echolocate access: 0, cert: 3D1A4BEF6EE7AF7D34D120E7B1AAC0DD245585DE6237CF100F68333AFACFF562 pkg: com.tmobile.services.nameid access: 0, cert: 3D1A4BEF6EE7AF7D34D120E7B1AAC0DD245585DE6237CF100F68333AFACFF562 pkg: com.tmobile.pr.mytmobile access: 0, cert: 3D1A4BEF6EE7AF7D34D120E7B1AAC0DD245585DE6237CF100F68333AFACFF562 pkg: com.tmobile.vvm.application access: 0, cert: 6892793FC413019D2DF609DFED7AF622D0F2D8FCF96EFA7E3FB87EEA34E10B93 pkg: com.tmobile.rsuapp access: 0, cert: 6892793FC413019D2DF609DFED7AF622D0F2D8FCF96EFA7E3FB87EEA34E10B93 pkg: com.tmobile.echolocate access: 0, cert: 6892793FC413019D2DF609DFED7AF622D0F2D8FCF96EFA7E3FB87EEA34E10B93 pkg: com.tmobile.services.nameid access: 0, cert: 6892793FC413019D2DF609DFED7AF622D0F2D8FCF96EFA7E3FB87EEA34E10B93 pkg: com.tmobile.pr.mytmobile access: 0, cert: 6892793FC413019D2DF609DFED7AF622D0F2D8FCF96EFA7E3FB87EEA34E10B93 pkg: com.tmobile.vvm.application access: 0, cert: 7B68FD9D4E7610C9CB35FC0C6CC06EA04C6906E3DFA9F48F9A05460AF36BFFFC pkg: com.tmobile.rsuapp access: 0, cert: 7B68FD9D4E7610C9CB35FC0C6CC06EA04C6906E3DFA9F48F9A05460AF36BFFFC pkg: com.tmobile.echolocate access: 0, cert: 7B68FD9D4E7610C9CB35FC0C6CC06EA04C6906E3DFA9F48F9A05460AF36BFFFC pkg: com.tmobile.services.nameid access: 0, cert: 7B68FD9D4E7610C9CB35FC0C6CC06EA04C6906E3DFA9F48F9A05460AF36BFFFC pkg: com.tmobile.pr.mytmobile access: 0, cert: 7B68FD9D4E7610C9CB35FC0C6CC06EA04C6906E3DFA9F48F9A05460AF36BFFFC pkg: com.tmobile.vvm.application access: 0] countryIso=us profileClass=-1 mType=LOCAL_SIM areUiccApplicationsEnabled=true usageSetting=DEFAULT isOnlyNonTerrestrialNetwork=false serviceCapabilities=[1, 2, 3] transferStatus=0 isSatelliteESOSSupported=false]]
2025-11-26 21:24:40.081  1336-1347  SubscriptionUtil        com.android.settings                 D  remove cached display name : 1
2025-11-26 21:24:40.083  1741-2048  native                  com.google.android.gms               I  I0000 00:00:1764163480.083542    2048 flash-index.cc:1534] Flash index sort hb 3 prefix-hits 6 -> 6 at 12.560ms
2025-11-26 21:24:40.092  1336-3415  SliceBroadcastRelay     com.android.settings                 D  Unregistering uri broadcast relay: content://com.android.settings.slices/action/mobile_data
2025-11-26 21:24:40.094  1336-1336  SettingsSliceProvider   com.android.settings                 D  Stopping background worker for: content://com.android.settings.slices/action/mobile_data
2025-11-26 21:24:40.148  1336-1347  WifiCallingSliceHelper  com.android.settings                 D  Wifi calling is either not provisioned or not enabled by Platform
2025-11-26 21:24:40.155  1336-3406  SlicesIndexer           com.android.settings                 D  Slices already indexed - returning.
2025-11-26 21:24:40.155  1336-3406  SettingsSliceProvider   com.android.settings                 D  Could not create slicedata for uri: content://android.settings.slices/action/airplane_mode
                                                                                                    java.lang.IllegalStateException: Invalid Slices key from path: airplane_mode
                                                                                                    	at com.android.settings.slices.SlicesDatabaseAccessor.getIndexedSliceData(SlicesDatabaseAccessor.java:133)
                                                                                                    	at com.android.settings.slices.SlicesDatabaseAccessor.getSliceDataFromUri(SlicesDatabaseAccessor.java:76)
                                                                                                    	at com.android.settings.slices.SettingsSliceProvider.loadSlice(SettingsSliceProvider.java:426)
                                                                                                    	at com.android.settings.slices.SettingsSliceProvider.lambda$loadSliceInBackground$5(SettingsSliceProvider.java:457)
                                                                                                    	at com.android.settings.slices.SettingsSliceProvider.$r8$lambda$F6THPPOOlgUQrkUG5e2ThbF-zrY(SettingsSliceProvider.java:0)
                                                                                                    	at com.android.settings.slices.SettingsSliceProvider$$ExternalSyntheticLambda4.run(R8$$SyntheticClass:0)
                                                                                                    	at java.util.concurrent.Executors$RunnableAdapter.call(Executors.java:524)
                                                                                                    	at com.google.common.util.concurrent.TrustedListenableFutureTask$TrustedFutureInterruptibleTask.runInterruptibly(TrustedListenableFutureTask.java:131)
                                                                                                    	at com.google.common.util.concurrent.InterruptibleTask.run(InterruptibleTask.java:76)
                                                                                                    	at com.google.common.util.concurrent.TrustedListenableFutureTask.run(TrustedListenableFutureTask.java:82)
                                                                                                    	at java.util.concurrent.ThreadPoolExecutor.runWorker(ThreadPoolExecutor.java:1156)
                                                                                                    	at java.util.concurrent.ThreadPoolExecutor$Worker.run(ThreadPoolExecutor.java:651)
                                                                                                    	at java.lang.Thread.run(Thread.java:1119)
2025-11-26 21:24:40.164  1336-1347  SliceBuilder            com.android.settings                 D  Creating slice for: com.android.settings.fuelgauge.batterysaver.BatterySaverButtonPreferenceController
2025-11-26 21:24:40.179  1336-1347  SatelliteRepository     com.android.settings                 W  SatelliteManager is null
2025-11-26 21:24:40.184  1336-3415  SliceBroadcastRelay     com.android.settings                 D  Unregistering uri broadcast relay: content://android.settings.slices/action/bluetooth
2025-11-26 21:24:40.191  1741-2048  Icing                   com.google.android.gms               I  Indexing com.google.android.settings.intelligence-internal.3p:Thing from com.google.android.settings.intelligence
2025-11-26 21:24:40.198   788-1361  WifiService             system_server                        I  getWifiEnabledState uid=1000 state=3
2025-11-26 21:24:40.200  1741-2048  Icing                   com.google.android.gms               I  Indexing done com.google.android.settings.intelligence-internal.3p:Thing
2025-11-26 21:24:40.202  1336-3415  WifiSlice               com.android.settings                 D  calling uid name : com.google.android.settings.intelligence
2025-11-26 21:24:40.208  1336-3415  SatelliteRepository     com.android.settings                 W  SatelliteManager is null
2025-11-26 21:24:40.218  1336-1336  SettingsSliceProvider   com.android.settings                 D  Stopping background worker for: content://android.settings.slices/action/wifi
2025-11-26 21:24:40.219   788-1985  WifiService             system_server                        I  getVerboseLoggingLevel uid=1000
2025-11-26 21:24:40.219  1336-1336  WifiPickerTracker       com.android.settings                 V  onStop
2025-11-26 21:24:40.219  1336-3721  WifiPickerTracker       com.android.settings                 I  Scanning stopped
2025-11-26 21:24:40.220   788-1985  WifiService             system_server                        I  removeWifiStateChangedListener uid=1000
2025-11-26 21:24:40.285  1741-1749  gle.android.gms         com.google.android.gms               W  Cleared Reference was only reachable from finalizer (only reported once)
2025-11-26 21:24:40.573   788-1024  SntpClient              system_server                        D  request time failed: java.net.SocketTimeoutException: Poll timed out
2025-11-26 21:24:40.802  1074-1074  wpa_supplicant          wpa_supplicant                       D  nl80211: Drv Event 34 (NL80211_CMD_NEW_SCAN_RESULTS) received for wlan0
2025-11-26 21:24:40.802  1074-1074  wpa_supplicant          wpa_supplicant                       D  wlan0: nl80211: New scan results available
2025-11-26 21:24:40.802  1074-1074  wpa_supplicant          wpa_supplicant                       D  nl80211: Scan probed for SSID ''
2025-11-26 21:24:40.802  1074-1074  wpa_supplicant          wpa_supplicant                       D  nl80211: Scan included frequencies: 2412 2417 2422 2427 2432 2437 2442 2447 2452 2457 2462 2467 2472 2484
2025-11-26 21:24:40.802  1074-1074  wpa_supplicant          wpa_supplicant                       D  wlan0: Event SCAN_RESULTS (3) received
2025-11-26 21:24:40.802  1074-1074  wpa_supplicant          wpa_supplicant                       D  nl80211: Received scan results (1 BSSes)
2025-11-26 21:24:40.802  1074-1074  wpa_supplicant          wpa_supplicant                       D  wlan0: BSS: Start scan result update 5
2025-11-26 21:24:40.802  1074-1074  wpa_supplicant          wpa_supplicant                       D  BSS: last_scan_res_used=1/32
2025-11-26 21:24:40.802  1074-1074  wpa_supplicant          wpa_supplicant                       D  wlan0: New scan results available (own=0 ext=1)
2025-11-26 21:24:40.802  1074-1074  wpa_supplicant          wpa_supplicant                       D  wlan0: Do not use results from externally requested scan operation for network selection
2025-11-26 21:24:40.802  1074-1074  wpa_supplicant          wpa_supplicant                       D  p2p-dev-wlan0: Updating scan results from sibling
2025-11-26 21:24:40.802  1074-1074  wpa_supplicant          wpa_supplicant                       D  nl80211: Received scan results (1 BSSes)
2025-11-26 21:24:40.802  1074-1074  wpa_supplicant          wpa_supplicant                       D  p2p-dev-wlan0: BSS: Start scan result update 5
2025-11-26 21:24:40.802  1074-1074  wpa_supplicant          wpa_supplicant                       D  BSS: last_scan_res_used=1/32
2025-11-26 21:24:40.802  1074-1074  wpa_supplicant          wpa_supplicant                       D  p2p-dev-wlan0: New scan results available (own=0 ext=1)
2025-11-26 21:24:40.802  1074-1074  wpa_supplicant          wpa_supplicant                       D  p2p-dev-wlan0: Do not use results from externally requested scan operation for network selection
2025-11-26 21:24:40.803   788-1059  WifiNl80211Manager      system_server                        D  Scan result ready event
2025-11-26 21:24:40.803   788-1059  WifiNative              system_server                        D  Scan result ready event
2025-11-26 21:24:40.804   788-988   WifiNl80211Manager      system_server                        D  get 1 scan results from wificond
2025-11-26 21:24:40.804   788-988   WifiNative              system_server                        D  get 1 scan results from wificond
2025-11-26 21:24:40.804   788-988   WifiScanningService     system_server                        I  singleScanResults: ClientInfo[uid=1000, package=com.android.settings, attributionTag=null, android.net.wifi.IWifiScannerListener$Stub$Proxy@2052162],results=1
2025-11-26 21:24:40.804  1415-2572  WifiScanner             com.google.android.gms.persistent    I  onFullResults
2025-11-26 21:24:40.804  1336-3415  WifiScanner             com.android.settings                 I  onFullResults
2025-11-26 21:24:40.804   788-988   WifiScanningService     system_server                        I  singleScanResults listener: ClientInfo[uid=1000, package=android, attributionTag=null, com.android.server.wifi.scanner.WifiScannerInternal$ScanListener@f0d7361],results=1
2025-11-26 21:24:40.804   788-988   WifiScanningService     system_server                        I  singleScanResults listener: ClientInfo[uid=1000, package=android, attributionTag=null, com.android.server.wifi.scanner.WifiScannerInternal$ScanListener@e21d41a],results=1
2025-11-26 21:24:40.804   788-988   WifiScanningService     system_server                        I  singleScanResults listener: ClientInfo[uid=1000, package=android, attributionTag=null, com.android.server.wifi.scanner.WifiScannerInternal$ScanListener@7114466],results=1
2025-11-26 21:24:40.804   788-988   WifiScanningService     system_server                        I  singleScanResults listener: ClientInfo[uid=10146, package=com.google.android.gms, attributionTag=network_location_provider, android.net.wifi.IWifiScannerListener$Stub$Proxy@c7e50a0],results=1
2025-11-26 21:24:40.804   788-988   WifiScanningService     system_server                        I  Unregistering listener= android.net.wifi.IWifiScannerListener$Stub$Proxy@2052162 uid=1000 packageName=com.android.settings workSource=WorkSource{1000}
2025-11-26 21:24:40.805   788-984   WifiScanRequestProxy    system_server                        D  Scan results received
2025-11-26 21:24:40.805   788-984   WifiScanRequestProxy    system_server                        D  Received 1 scan results
2025-11-26 21:24:40.805   788-984   WifiHealthMonitor       system_server                        D   2G scanResult count: 1, Above2g scanResult count: 0
2025-11-26 21:24:40.805   788-984   WifiConfigManager       system_server                        V  getSavedNetworkFromScanResult Found "AndroidWifi"NONE for AndroidWifi[[ESS]]
2025-11-26 21:24:40.808   788-984   HalDevMgr               system_server                        I  bestIfaceCreationProposal is null, requestIface=STA, existingIface=[name=wlan0 type=STA]
2025-11-26 21:24:40.808   788-984   WifiConnectivityManager system_server                        V  Clearing blocklist for REASON_FRAMEWORK_DISCONNECT_FAST_RECONNECT
2025-11-26 21:24:40.808   788-984   WifiConnectivityManager system_server                        V  AllSingleScanListener onResults: start network selection
2025-11-26 21:24:40.808   788-984   WifiConfigManager       system_server                        V  getSavedNetworkFromScanResult Found "AndroidWifi"NONE for AndroidWifi[[ESS]]
2025-11-26 21:24:40.809   788-984   WifiConfigManager       system_server                        V  Clear network candidate scan result for 0
2025-11-26 21:24:40.809   788-984   WifiNetworkSelector     system_server                        D  Disabled configured networks:
2025-11-26 21:24:40.809   788-984   WifiNetworkSelector     system_server                        D    "AndroidWifi":0 reason=NETWORK_SELECTION_DISABLED_NO_INTERNET_PERMANENT, count=1; 
2025-11-26 21:24:40.809   788-984   WifiNetworkSelector     system_server                        D  About to run SavedNetworkNominator :
2025-11-26 21:24:40.809   788-984   WifiConfigManager       system_server                        V  getSavedNetworkFromScanResult Found "AndroidWifi"NONE for AndroidWifi[[ESS]]
2025-11-26 21:24:40.809   788-984   WifiNetworkSelector     system_server                        D  About to run NetworkSuggestionNominator :
2025-11-26 21:24:40.810   788-984   WifiLastResortWatchdog  system_server                        V  updateAvailableNetworks: size = 0
2025-11-26 21:24:40.810   788-984   WifiLastResortWatchdog  system_server                        V  mWatchdogFeatureEnabled: true
                                                                                                    mWatchdogAllowedToTrigger: true
                                                                                                    mRecentAvailableNetworks: 0
                                                                                                    mSsidFailureCount:
2025-11-26 21:24:40.810   788-984   WifiConnectivityManager system_server                        V  AllSingleScanListener:  No candidates
2025-11-26 21:24:40.810   788-984   WifiConfigManager       system_server                        V  getSavedNetworkFromScanResult Found "AndroidWifi"NONE for AndroidWifi[[ESS]]
2025-11-26 21:24:41.137  1235-1411  SatelliteController     com.android.phone                    D  iisInCarrierRoamingNbIotNtn: satellite is disabled
2025-11-26 21:24:41.232  1741-2048  Icing                   com.google.android.gms               I  Indexing com.google.android.settings.intelligence-internal.3p:Thing from com.google.android.settings.intelligence
2025-11-26 21:24:41.251  1741-2048  Icing                   com.google.android.gms               I  Indexing done com.google.android.settings.intelligence-internal.3p:Thing
2025-11-26 21:24:41.262  1741-2048  Icing                   com.google.android.gms               I  Indexing com.google.android.settings.intelligence-internal.3p:Thing from com.google.android.settings.intelligence
2025-11-26 21:24:41.263  1741-2048  Icing                   com.google.android.gms               I  Indexing done com.google.android.settings.intelligence-internal.3p:Thing
2025-11-26 21:24:42.876   521-3701  resolv                  netd                                 I  res_nsend: used send_dg 0 terrno: 110
2025-11-26 21:24:42.877  1178-1178  DnsResolver             com.android.networkstack.process     W  resNetworkResult:android.system.ErrnoException: resNetworkResult failed: ETIMEDOUT (Connection timed out)
2025-11-26 21:24:42.880  1178-3699  NetworkMonitor/100      com.android.networkstack.process     D  PROBE_DNS connectivitycheck.gstatic.com 10034ms OK 14.215.177.38
2025-11-26 21:24:42.884   521-3730  resolv                  netd                                 I  GetAddrInfoHandler::run: {100 983140 100 983140 1073 1}
2025-11-26 21:24:42.887   521-3731  resolv                  netd                                 I  res_nmkquery: (QUERY, IN, AAAA)
2025-11-26 21:24:42.889   521-3732  resolv                  netd                                 I  res_nmkquery: (QUERY, IN, A)
2025-11-26 21:24:42.889   521-3732  resolv                  netd                                 I  resolv_cache_lookup: FOUND IN CACHE entry=0x74081bfa4760
2025-11-26 21:24:42.889   521-3732  resolv                  netd                                 I  doQuery: rcode=0, ancount=1, return value=318
2025-11-26 21:24:45.053   788-990   InetDiagMessage         system_server                        D  Destroyed 0 sockets, proto=IPPROTO_TCP, family=AF_INET, states=14
2025-11-26 21:24:45.053   788-990   InetDiagMessage         system_server                        D  Destroyed 0 sockets, proto=IPPROTO_TCP, family=AF_INET6, states=14
2025-11-26 21:24:45.053   788-990   InetDiagMessage         system_server                        D  Destroyed live tcp sockets for uids={10138} in 0ms
2025-11-26 21:24:45.053   788-990   InetDiagMessage         system_server                        D  Destroyed 0 sockets, proto=IPPROTO_TCP, family=AF_INET, states=14
2025-11-26 21:24:45.054   788-990   InetDiagMessage         system_server                        D  Destroyed 0 sockets, proto=IPPROTO_TCP, family=AF_INET6, states=14
2025-11-26 21:24:45.054   788-990   InetDiagMessage         system_server                        D  Destroyed live tcp sockets for uids={20138} in 1ms
2025-11-26 21:24:45.579   788-1024  SntpClient              system_server                        D  request time failed: java.net.SocketTimeoutException: Poll timed out
2025-11-26 21:24:46.221   788-858   OomAdjuster             system_server                        D  Not killing cached processes
2025-11-26 21:24:47.894   521-3731  resolv                  netd                                 I  res_nsend: used send_dg 0 terrno: 110
2025-11-26 21:24:49.941  1336-1348  SliceBuilder            com.android.settings                 D  Creating slice for: com.android.settings.notification.MediaVolumePreferenceController
2025-11-26 21:24:49.946  1336-1348  MediaVolumePreCtrl      com.android.settings                 D  The slice doesn't support end item
2025-11-26 21:24:49.950   788-1043  Background...rolService system_server                        D  Package event received: 0
2025-11-26 21:24:49.952  1336-1347  VolumeSliceHelper       com.android.settings                 D  Unregistering uri broadcast relay: content://com.android.settings.slices/action/media_volume
2025-11-26 21:24:49.952  1336-1347  SliceBroadcastRelay     com.android.settings                 D  Unregistering uri broadcast relay: content://com.android.settings.slices/action/volume_slices
2025-11-26 21:24:49.953  1336-3402  SlicesIndexer           com.android.settings                 D  Slices already indexed - returning.
2025-11-26 21:24:49.954  1336-3402  VolumeSliceHelper       com.android.settings                 D  Registering uri for broadcast relay: content://com.android.settings.slices/action/media_volume
2025-11-26 21:24:49.955  1336-3402  SliceBroadcastRelay     com.android.settings                 D  Registering Uri for broadcast relay: content://com.android.settings.slices/action/volume_slices
2025-11-26 21:24:49.956  1336-1336  SettingsSliceProvider   com.android.settings                 D  Stopping background worker for: content://com.android.settings.slices/action/media_volume
2025-11-26 21:24:49.957  1336-1336  SettingsSliceProvider   com.android.settings                 D  Starting background worker for: content://com.android.settings.slices/action/media_volume
2025-11-26 21:24:49.959  1336-3402  SettingsSliceProvider   com.android.settings                 D  Built slice (content://com.android.settings.slices/action/media_volume) in: 6
2025-11-26 21:24:50.094   788-932   ActivityManager         system_server                        D  freezing 3325 com.google.android.settings.intelligence
2025-11-26 21:24:50.097   788-990   InetDiagMessage         system_server                        D  Destroyed 0 sockets, proto=IPPROTO_TCP, family=AF_INET, states=14
2025-11-26 21:24:50.098   788-990   InetDiagMessage         system_server                        D  Destroyed 0 sockets, proto=IPPROTO_TCP, family=AF_INET6, states=14
2025-11-26 21:24:50.099   788-990   InetDiagMessage         system_server                        D  Destroyed live tcp sockets for uids={10138} in 2ms
2025-11-26 21:24:50.247   788-858   IPCThreadState          system_server                        W  Sending oneway calls to frozen process.
2025-11-26 21:24:50.512  1415-1505  TrustedTime             com.google.android.gms.persistent    W  Unable to retrieve new instant SntpResult{sntpQueryDebugInfo=SntpQueryDebugInfo{sntpQueryAddresses=[time.google.com/216.239.35.8, time.google.com/216.239.35.12, time.google.com/216.239.35.0, time.google.com/216.239.35.4, time.google.com/2001:4860:4806::, time.google.com/2001:4860:4806:4::, time.google.com/2001:4860:4806:8::, time.google.com/2001:4860:4806:c::], sntpQueryOperationResults=[NetworkOperationResult{socketAddress=time.google.com/216.239.35.8:123, type=11, failureIdentifier=11, exception=gjwr: Timeout waiting for response from time.google.com/216.239.35.8:123}, NetworkOperationResult{socketAddress=time.google.com/216.239.35.12:123, type=11, failureIdentifier=11, exception=gjwr: Timeout waiting for response from time.google.com/216.239.35.12:123}, NetworkOperationResult{socketAddress=time.google.com/216.239.35.0:123, type=11, failureIdentifier=11, exception=gjwr: Timeout waiting for response from time.google.com/216.239.35.0:123}, NetworkOperationResult{socketAddress=time.google.com/216.239.35.4:123, type=11, failureIdentifier=11, exception=gjwr: Timeout waiting for response from time.google.com/216.239.35.4:123}, NetworkOperationResult{socketAddress=time.google.com/[2001:4860:4806::]:123, type=11, failureIdentifier=11, exception=gjwr: Timeout waiting for response from time.google.com/2001:4860:4806:::123}, NetworkOperationResult{socketAddress=time.google.com/[2001:4860:4806:4::]:123, type=11, failureIdentifier=11, exception=gjwr: Timeout waiting for response from time.google.com/2001:4860:4806:4:::123}, NetworkOperationResult{socketAddress=time.google.com/[2001:4860:4806:8::]:123, type=11, failureIdentifier=11, exception=gjwr: Timeout waiting for response from time.google.com/2001:4860:4806:8:::123}, NetworkOperationResult{socketAddress=time.google.com/[2001:4860:4806:c::]:123, type=11, failureIdentifier=11, exception=gjwr: Timeout waiting for response from time.google.com/2001:4860:4806:c:::123}]},type=11, sntpTimeSignal=null, exception=gjwr: IP addresses exhausted}
                                                                                                    [CONTEXT service_id=326 ]
2025-11-26 21:24:50.522  1415-1505  TrustedTime             com.google.android.gms.persistent    I  Attempting to schedule one-off maintenance task [CONTEXT service_id=326 ]
2025-11-26 21:24:50.522  1415-1505  TrustedTime             com.google.android.gms.persistent    I  Scheduling maintenance task 'OneOffTrustedTimeMaintenanceTask' [CONTEXT service_id=326 ]
2025-11-26 21:24:50.529  1415-1505  NetworkScheduler.Stats  com.google.android.gms.persistent    I  Task com.google.android.gms/com.google.android.gms.time.trustedtime.singleuserapi.service.TrustedTimeMaintenanceTaskService finished executing. cause:5 result: 1 elapsed_millis: 40304 uptime_millis: 40304 exec_start_elapsed_seconds: 139 [CONTEXT service_id=218 ]
2025-11-26 21:24:50.529  1415-1415  BoundBrokerSvc          com.google.android.gms.persistent    D  onUnbind: Intent { act=com.google.android.gms.time.trustedtime.singleuserapi.service.TrustedTimeMaintenanceTaskService.ACTION_TASK_READY dat=chimera-action:/... xflg=0x4 cmp=com.google.android.gms/.chimera.PersistentInternalBoundBrokerService }
2025-11-26 21:24:50.578  1415-3743  NetworkScheduler.Stats  com.google.android.gms.persistent    I  Task com.google.android.gms/com.google.android.gms.clearcut.uploader.QosUploaderService started execution. cause:5 exec_start_elapsed_seconds: 180 [CONTEXT service_id=218 ]
2025-11-26 21:24:50.586  1415-3742  NetworkScheduler.Stats  com.google.android.gms.persistent    I  Task com.google.android.gms/com.google.android.gms.clearcut.uploader.QosUploaderService finished executing. cause:5 result: 1 elapsed_millis: 16 uptime_millis: 16 exec_start_elapsed_seconds: 180 [CONTEXT service_id=218 ]
2025-11-26 21:24:50.586   788-1024  SntpClient              system_server                        D  request time failed: java.net.SocketTimeoutException: Poll timed out
2025-11-26 21:24:50.586   788-1024  SntpClient              system_server                        D  request time failed
2025-11-26 21:24:50.616  1415-3743  NetworkScheduler.Stats  com.google.android.gms.persistent    I  Task com.google.android.gms/com.google.android.gms.ads.social.GcmSchedulerWakeupService started execution. cause:5 exec_start_elapsed_seconds: 180 [CONTEXT service_id=218 ]
2025-11-26 21:24:50.620  1415-1415  BoundBrokerSvc          com.google.android.gms.persistent    D  onBind: Intent { act=com.google.android.gms.presencemanager.service.START dat=chimera-action:/... xflg=0x4 cmp=com.google.android.gms/.chimera.PersistentApiService }
2025-11-26 21:24:50.620  1415-1415  BoundBrokerSvc          com.google.android.gms.persistent    D  Loading bound service for intent: Intent { act=com.google.android.gms.presencemanager.service.START dat=chimera-action:/... xflg=0x4 cmp=com.google.android.gms/.chimera.PersistentApiService }
2025-11-26 21:24:50.622  1415-3672  euco                    com.google.android.gms.persistent    I  Shared storage file not found for com.google.android.gms.presencemanager
2025-11-26 21:24:50.623  1415-3746  euco                    com.google.android.gms.persistent    I  Unable to retrieve flag snapshot for com.google.android.gms.presencemanager, using defaults.
2025-11-26 21:24:50.625  1415-1415  BoundBrokerSvc          com.google.android.gms.persistent    D  onBind: Intent { act=com.google.android.gms.presencemanager.service.INTERNAL_IDENTITY dat=chimera-action:/... xflg=0x4 cmp=com.google.android.gms/.chimera.PersistentApiService }
2025-11-26 21:24:50.625  1415-1415  BoundBrokerSvc          com.google.android.gms.persistent    D  Loading bound service for intent: Intent { act=com.google.android.gms.presencemanager.service.INTERNAL_IDENTITY dat=chimera-action:/... xflg=0x4 cmp=com.google.android.gms/.chimera.PersistentApiService }
2025-11-26 21:24:50.628  1415-3742  NetworkScheduler.Stats  com.google.android.gms.persistent    I  Task com.google.android.gms/com.google.android.gms.ads.social.GcmSchedulerWakeupService finished executing. cause:5 result: 1 elapsed_millis: 18 uptime_millis: 18 exec_start_elapsed_seconds: 180 [CONTEXT service_id=218 ]
2025-11-26 21:24:50.652  1415-3743  NetworkScheduler.Stats  com.google.android.gms.persistent    I  Task com.google.android.gms/com.google.android.gms.phenotype.service.sync.PhenotypeConfigurator started execution. cause:5 exec_start_elapsed_seconds: 180 [CONTEXT service_id=218 ]
2025-11-26 21:24:50.976  1741-3744  Icing                   com.google.android.gms               I  Indexing com.google.android.settings.intelligence-internal.3p:Thing from com.google.android.settings.intelligence
2025-11-26 21:24:50.981  1741-3744  Icing                   com.google.android.gms               I  Indexing done com.google.android.settings.intelligence-internal.3p:Thing
2025-11-26 21:24:51.137  1235-1411  SatelliteController     com.android.phone                    D  iisInCarrierRoamingNbIotNtn: satellite is disabled
2025-11-26 21:24:52.415  1641-2275  bbax                    com...oglequicksearchbox:interactor  I  (REDACTED) getHotwordActive::active query: %s, watch: %s, devices connected: %s
2025-11-26 21:24:52.900   521-3731  resolv                  netd                                 I  res_nsend: used send_dg 0 terrno: 110
2025-11-26 21:24:52.900   521-3731  resolv                  netd                                 I  doQuery: rcode=255, ancount=0, return value=-110
2025-11-26 21:24:52.907  1178-3698  NetworkMonitor/100      com.android.networkstack.process     D  PROBE_HTTPS https://www.google.com/generate_204 Probe failed with exception java.net.SocketTimeoutException: failed to connect to www.google.com/2001::1 (port 443) from /fec0::5054:ff:fe12:3456 (port 56014) after 10000ms
2025-11-26 21:24:55.027  1741-1741  BoundBrokerSvc          com.google.android.gms               D  onUnbind: Intent { act=com.google.android.gms.feedback.internal.IFeedbackService dat=chimera-action:/... xflg=0x4 cmp=com.google.android.gms/.chimera.GmsBoundBrokerService }
2025-11-26 21:24:55.028   788-1059  OomAdjuster             system_server                        D  Not killing cached processes
2025-11-26 21:24:55.634   788-984   WifiScoringParams       system_server                        E  Invalid frequency(-1), using 5G as default rssi array
2025-11-26 21:24:55.635   788-984   WifiConnectivityManager system_server                        V  schedulePeriodicScanTimer intervalMs 160000
2025-11-26 21:24:55.635   788-988   WifiScanningService     system_server                        I  Registering listener= com.android.server.wifi.scanner.WifiScannerInternal$ScanListener@290d327 uid=1000 packageName=null workSource=WorkSource{1000}
2025-11-26 21:24:55.635   788-988   WifiScanningService     system_server                        I  start scan: ClientInfo[uid=1000, package=null, attributionTag=null, com.android.server.wifi.scanner.WifiScannerInternal$ScanListener@290d327] package null AttributionTag null
2025-11-26 21:24:55.635   788-988   WifiScanningService     system_server                        I  addSingleScanRequest: ClientInfo[uid=1000, package=null, attributionTag=null, com.android.server.wifi.scanner.WifiScannerInternal$ScanListener@290d327],WorkSource{1010}, ScanSettings {  type:HIGH ACCURACY band:24Ghz & 5Ghz (DFS incl) & 6Ghz ignoreLocationSettings:false period:0 reportEvents:3 numBssidsPerScan:0 maxScansToCache:0 rnrSetting:1 6GhzPscOnlyEnabled:true channels:[  ]  } 
2025-11-26 21:24:55.635   788-988   WifiScanningService     system_server                        D  replySucceeded onSuccess
2025-11-26 21:24:55.639  1074-1074  wpa_supplicant          wpa_supplicant                       D  nl80211: Drv Event 33 (NL80211_CMD_TRIGGER_SCAN) received for wlan0
2025-11-26 21:24:55.640  1074-1074  wpa_supplicant          wpa_supplicant                       D  wlan0: nl80211: Scan trigger
2025-11-26 21:24:55.640  1074-1074  wpa_supplicant          wpa_supplicant                       D  wlan0: Event SCAN_STARTED (47) received
2025-11-26 21:24:55.640  1074-1074  wpa_supplicant          wpa_supplicant                       D  wlan0: External program started a scan
2025-11-26 21:24:55.893  1415-2080  IsDeviceCompliantOp     com.google.android.gms.persistent    W  failed to get future: allow [CONTEXT service_id=257 ]
                                                                                                    java.util.concurrent.TimeoutException: Waited 60 seconds (plus 637444 nanoseconds delay) for foea@3b14ee8[status=PENDING, info=[inputFuture=[fodz@7f97901[status=PENDING, setFuture=[fodz@fdd03a6[status=PENDING, setFuture=[foea@9b51e7[status=PENDING, info=[inputFuture=[foea@4c07194[status=PENDING, info=[inputFuture=[fodz@503a43d[status=PENDING, info=[inputFuture=[fodg@2c5b432[status=PENDING, info=[inputFuture=[foea@bc12583[status=PENDING, info=[inputFuture=[bjto@fd1300], function=[bjve@98b4739]]]], exceptionType=[class gzoi], fallback=[bjvf@f16e17e]]]], function=[bjuj@ae696df]]]], function=[bjvd@5a05f2c]]]], function=[bjua@a501df5]]]]]]]], function=[bjuw@dbb978a]]]
                                                                                                    	at fodx.get(:com.google.android.gms@250834038@25.08.34 (260800-739221510):52)
                                                                                                    	at bjuz.b(:com.google.android.gms@250834038@25.08.34 (260800-739221510):13)
                                                                                                    	at bjuz.f(:com.google.android.gms@250834038@25.08.34 (260800-739221510):317)
                                                                                                    	at byah.fK(:com.google.android.gms@250834038@25.08.34 (260800-739221510):1)
                                                                                                    	at byar.run(:com.google.android.gms@250834038@25.08.34 (260800-739221510):54)
                                                                                                    	at fgkq.run(:com.google.android.gms@250834038@25.08.34 (260800-739221510):21)
                                                                                                    	at atin.c(:com.google.android.gms@250834038@25.08.34 (260800-739221510):50)
                                                                                                    	at atin.run(:com.google.android.gms@250834038@25.08.34 (260800-739221510):97)
                                                                                                    	at java.util.concurrent.ThreadPoolExecutor.runWorker(ThreadPoolExecutor.java:1156)
                                                                                                    	at java.util.concurrent.ThreadPoolExecutor$Worker.run(ThreadPoolExecutor.java:651)
                                                                                                    	at atoa.run(:com.google.android.gms@250834038@25.08.34 (260800-739221510):8)
                                                                                                    	at java.lang.Thread.run(Thread.java:1119)
2025-11-26 21:24:55.894  1415-2356  DroidguardProvider      com.google.android.gms.persistent    W  droidguard took a lot of time : 29991 millis [CONTEXT service_id=257 ]
2025-11-26 21:24:55.896   521-3753  resolv                  netd                                 I  GetAddrInfoHandler::run: {100 786532 100 983140 10146 0}
2025-11-26 21:24:55.898   521-3755  resolv                  netd                                 I  res_nmkquery: (QUERY, IN, A)
2025-11-26 21:24:55.899   521-3754  resolv                  netd                                 I  res_nmkquery: (QUERY, IN, AAAA)
2025-11-26 21:24:55.899   521-3755  resolv                  netd                                 I  resolv_cache_lookup: FOUND IN CACHE entry=0x74081bfa5c30
2025-11-26 21:24:55.899   521-3755  resolv                  netd                                 I  doQuery: rcode=0, ancount=5, return value=384
2025-11-26 21:24:55.899   521-3754  resolv                  netd                                 I  resolv_cache_lookup: FOUND IN CACHE entry=0x74081bfa7100
2025-11-26 21:24:55.899   521-3754  resolv                  netd                                 I  doQuery: rcode=0, ancount=4, return value=416
2025-11-26 21:24:55.902  1178-3697  NetworkMonitor/100      com.android.networkstack.process     D  PROBE_FALLBACK http://play.googleapis.com/generate_204 Probe failed with exception java.net.SocketTimeoutException: failed to connect to play.googleapis.com/2001:4860:4802:36::223 (port 80) from /fec0::5054:ff:fe12:3456 (port 50378) after 10000ms
2025-11-26 21:24:59.403  1074-1074  wpa_supplicant          wpa_supplicant                       D  nl80211: Drv Event 34 (NL80211_CMD_NEW_SCAN_RESULTS) received for wlan0
2025-11-26 21:24:59.403  1074-1074  wpa_supplicant          wpa_supplicant                       D  wlan0: nl80211: New scan results available
2025-11-26 21:24:59.403  1074-1074  wpa_supplicant          wpa_supplicant                       D  nl80211: Scan probed for SSID ''
2025-11-26 21:24:59.403  1074-1074  wpa_supplicant          wpa_supplicant                       D  nl80211: Scan included frequencies: 2412 2417 2422 2427 2432 2437 2442 2447 2452 2457 2462 2467 2472 2484 5180 5200 5220 5240 5260 5280 5300 5320 5500 5520 5540 5560 5580 5600 5620 5640 5660 5680 5700 5745 5765 5785 5805 5825
2025-11-26 21:24:59.403  1074-1074  wpa_supplicant          wpa_supplicant                       D  wlan0: Event SCAN_RESULTS (3) received
2025-11-26 21:24:59.403  1074-1074  wpa_supplicant          wpa_supplicant                       D  nl80211: Received scan results (1 BSSes)
2025-11-26 21:24:59.403  1074-1074  wpa_supplicant          wpa_supplicant                       D  wlan0: BSS: Start scan result update 6
2025-11-26 21:24:59.403  1074-1074  wpa_supplicant          wpa_supplicant                       D  BSS: last_scan_res_used=1/32
2025-11-26 21:24:59.403  1074-1074  wpa_supplicant          wpa_supplicant                       D  wlan0: New scan results available (own=0 ext=1)
2025-11-26 21:24:59.403  1074-1074  wpa_supplicant          wpa_supplicant                       D  wlan0: Do not use results from externally requested scan operation for network selection
2025-11-26 21:24:59.403  1074-1074  wpa_supplicant          wpa_supplicant                       D  p2p-dev-wlan0: Updating scan results from sibling
2025-11-26 21:24:59.403  1074-1074  wpa_supplicant          wpa_supplicant                       D  nl80211: Received scan results (1 BSSes)
2025-11-26 21:24:59.403  1074-1074  wpa_supplicant          wpa_supplicant                       D  p2p-dev-wlan0: BSS: Start scan result update 6
2025-11-26 21:24:59.403  1074-1074  wpa_supplicant          wpa_supplicant                       D  BSS: last_scan_res_used=1/32
2025-11-26 21:24:59.403  1074-1074  wpa_supplicant          wpa_supplicant                       D  p2p-dev-wlan0: New scan results available (own=0 ext=1)
2025-11-26 21:24:59.403  1074-1074  wpa_supplicant          wpa_supplicant                       D  p2p-dev-wlan0: Do not use results from externally requested scan operation for network selection
2025-11-26 21:24:59.404   788-1982  WifiNl80211Manager      system_server                        D  Scan result ready event
2025-11-26 21:24:59.404   788-1982  WifiNative              system_server                        D  Scan result ready event
2025-11-26 21:24:59.405   788-988   WifiNl80211Manager      system_server                        D  get 1 scan results from wificond
2025-11-26 21:24:59.405   788-988   WifiNative              system_server                        D  get 1 scan results from wificond
2025-11-26 21:24:59.406   788-988   WifiScanningService     system_server                        I  singleScanResults: ClientInfo[uid=1000, package=null, attributionTag=null, com.android.server.wifi.scanner.WifiScannerInternal$ScanListener@290d327],results=1
2025-11-26 21:24:59.406   788-988   WifiScanningService     system_server                        I  singleScanResults listener: ClientInfo[uid=1000, package=android, attributionTag=null, com.android.server.wifi.scanner.WifiScannerInternal$ScanListener@f0d7361],results=1
2025-11-26 21:24:59.406   788-988   WifiScanningService     system_server                        I  singleScanResults listener: ClientInfo[uid=1000, package=android, attributionTag=null, com.android.server.wifi.scanner.WifiScannerInternal$ScanListener@e21d41a],results=1
2025-11-26 21:24:59.406   788-988   WifiScanningService     system_server                        I  singleScanResults listener: ClientInfo[uid=1000, package=android, attributionTag=null, com.android.server.wifi.scanner.WifiScannerInternal$ScanListener@7114466],results=1
2025-11-26 21:24:59.406   788-988   WifiScanningService     system_server                        I  singleScanResults listener: ClientInfo[uid=10146, package=com.google.android.gms, attributionTag=network_location_provider, android.net.wifi.IWifiScannerListener$Stub$Proxy@c7e50a0],results=1
2025-11-26 21:24:59.406  1415-2572  WifiScanner             com.google.android.gms.persistent    I  onFullResults
2025-11-26 21:24:59.406   788-988   WifiScanningService     system_server                        I  Unregistering listener= com.android.server.wifi.scanner.WifiScannerInternal$ScanListener@290d327 uid=1000 packageName=null workSource=WorkSource{1000}
2025-11-26 21:24:59.406   788-984   WifiScanRequestProxy    system_server                        D  Scan results received
2025-11-26 21:24:59.406   788-984   WifiScanRequestProxy    system_server                        D  Received 1 scan results
2025-11-26 21:24:59.407   788-984   WifiHealthMonitor       system_server                        D   2G scanResult count: 1, Above2g scanResult count: 0
2025-11-26 21:24:59.407   788-984   WifiConfigManager       system_server                        V  getSavedNetworkFromScanResult Found "AndroidWifi"NONE for AndroidWifi[[ESS]]
2025-11-26 21:24:59.407   788-1982  WifiService             system_server                        I  getScanResults uid=10186
2025-11-26 21:24:59.407   788-1059  WifiService             system_server                        I  getScanResults uid=10186
2025-11-26 21:24:59.409   788-984   HalDevMgr               system_server                        I  bestIfaceCreationProposal is null, requestIface=STA, existingIface=[name=wlan0 type=STA]
2025-11-26 21:24:59.410   788-984   WifiConnectivityManager system_server                        V  Clearing blocklist for REASON_FRAMEWORK_DISCONNECT_FAST_RECONNECT
2025-11-26 21:24:59.410   788-984   WifiConnectivityManager system_server                        V  AllSingleScanListener onResults: start network selection
2025-11-26 21:24:59.410   788-984   WifiConfigManager       system_server                        V  getSavedNetworkFromScanResult Found "AndroidWifi"NONE for AndroidWifi[[ESS]]
2025-11-26 21:24:59.410   788-984   WifiConfigManager       system_server                        V  Clear network candidate scan result for 0
2025-11-26 21:24:59.410   788-984   WifiNetworkSelector     system_server                        D  Disabled configured networks:
2025-11-26 21:24:59.411   788-984   WifiNetworkSelector     system_server                        D    "AndroidWifi":0 reason=NETWORK_SELECTION_DISABLED_NO_INTERNET_PERMANENT, count=1; 
2025-11-26 21:24:59.411   788-984   WifiNetworkSelector     system_server                        D  About to run SavedNetworkNominator :
2025-11-26 21:24:59.411   788-984   WifiConfigManager       system_server                        V  getSavedNetworkFromScanResult Found "AndroidWifi"NONE for AndroidWifi[[ESS]]
2025-11-26 21:24:59.411   788-984   WifiNetworkSelector     system_server                        D  About to run NetworkSuggestionNominator :
2025-11-26 21:24:59.412   788-984   WifiLastResortWatchdog  system_server                        V  updateAvailableNetworks: size = 0
2025-11-26 21:24:59.412   788-984   WifiLastResortWatchdog  system_server                        V  mWatchdogFeatureEnabled: true
                                                                                                    mWatchdogAllowedToTrigger: true
                                                                                                    mRecentAvailableNetworks: 0
                                                                                                    mSsidFailureCount:
2025-11-26 21:24:59.412   788-984   WifiConnectivityManager system_server                        V  AllSingleScanListener:  No candidates
2025-11-26 21:24:59.412   788-984   WifiConfigManager       system_server                        V  getSavedNetworkFromScanResult Found "AndroidWifi"NONE for AndroidWifi[[ESS]]
2025-11-26 21:25:01.138  1235-1411  SatelliteController     com.android.phone                    D  iisInCarrierRoamingNbIotNtn: satellite is disabled
2025-11-26 21:25:01.481   788-1982  RemoteProvisionSysSvc   system_server                        I  getRegistration(android.hardware.security.keymint.IRemotelyProvisionedComponent/default)
2025-11-26 21:25:01.451     0-0     servicemanager          kernel                               I  Caller(pid=300,uid=1017,sid=u:r:keystore:s0) Found android.hardware.security.keymint.IRemotelyProvisionedComponent/default in device VINTF manifest.
2025-11-26 21:25:01.487   788-1982  OomAdjuster             system_server                        D  Not killing cached processes
2025-11-26 21:25:01.487   788-1043  Background...rolService system_server                        D  Package event received: 0
2025-11-26 21:25:01.487   788-1982  ActivityManager         system_server                        D  sync unfroze 3256 com.google.android.rkpdapp for 6
2025-11-26 21:25:01.488   788-1043  Background...rolService system_server                        D  Package event received: 0
2025-11-26 21:25:01.500   788-1059  ProcessStats            system_server                        W  Tracking association SourceState{5d29ab3 system/1000 ImpFg #1423} whose proc state 5 is better than process ProcessState{b7e69a1 com.google.android.rkpdapp/10205 pkg=com.google.android.rkpdapp} proc state 14 (0 skipped)
2025-11-26 21:25:01.500   788-788   RegistrationProxy       system_server                        I  onServiceConnected: com.android.rkpdapp.service.RemoteProvisioningService
2025-11-26 21:25:01.505   521-572   netd                    netd                                 I  tetherGetStats() -> {[]} <0.58ms>
2025-11-26 21:25:01.477     0-0     servicemanager          kernel                               I  Caller(pid=3256,uid=10205,sid=u:r:rkpdapp:s0:c205,c256,c512,c768) Found android.hardware.security.keymint.IRemotelyProvisionedComponent/default in device VINTF manifest.
2025-11-26 21:25:01.511   788-1982  RegistrationProxy       system_server                        I  IGetRegistrationCallback.onSuccess
2025-11-26 21:25:01.517   788-1059  RemoteProvisionSysSvc   system_server                        I  Fetching key 10146 for client 240267023
2025-11-26 21:25:01.518   788-1059  RegistrationProxy       system_server                        I  getKeyAsync operation started with callback 133090204
2025-11-26 21:25:01.519  3256-3763  RkpdRegistrationBinder  com.google.android.rkpdapp           I  Key requested for : android.hardware.security.keymint.IRemotelyProvisionedComponent/default, clientUid: 1017, keyId: 10146, callback: 242833190
2025-11-26 21:25:01.528  3256-3763  RkpdRegistrationBinder  com.google.android.rkpdapp           I  No key assigned, looking for an available key with expiry of 2025-11-29T13:25:01.527975Z
2025-11-26 21:25:01.529  3256-3763  RkpdRegistrationBinder  com.google.android.rkpdapp           I  No key assigned, looking for an available key with expiry of 2025-11-26T14:25:01.519128Z
2025-11-26 21:25:01.530  3256-3763  RkpdRegistrationBinder  com.google.android.rkpdapp           I  No keys are available, kicking off provisioning
