2025-11-26 21:23:24.482  3433-3442  IndexableItem           com.google.android.gms.ui            W  indexing key is not set:Intent { cmp=com.google.android.gms/.locationsharing.activity.LocationSharingRedirectActivity } [CONTEXT service_id=231 ]
2025-11-26 21:23:24.485  3433-3442  IndexableItem           com.google.android.gms.ui            W  indexing key is not set:Intent { act=com.google.android.gms.fido.fido2.ui.hybrid.LINKED_DEVICES_SETTINGS cat=[android.intent.category.DEFAULT] pkg=com.google.android.gms } [CONTEXT service_id=231 ]
2025-11-26 21:23:24.489  3325-3432  MetricsFeatureProvider  com...android.settings.intelligence  W  Disabled westworld logs writing!!!
2025-11-26 21:23:24.495  3325-3432  MetricsFeatureProvider  com...android.settings.intelligence  W  Disabled westworld logs writing!!!
2025-11-26 21:23:24.549  1893-2240  achh                    com...d.googlequicksearchbox:search  W  Abort, client detached.
2025-11-26 21:23:24.550  1893-2240  achh                    com...d.googlequicksearchbox:search  W  Abort, client detached.
2025-11-26 21:23:24.550   788-841   CompatChangeReporter    system_server                        D  Compat change id reported: 311208629; UID 10147; state: ENABLED
2025-11-26 21:23:24.551  1893-2433  ajwr                    com...d.googlequicksearchbox:search  E  Couldn't get logged in Google account.
2025-11-26 21:23:24.564  1641-2229  eoet                    com...oglequicksearchbox:interactor  I  (REDACTED) %s TNG App is logging Clearcut event named %s with the %s account state and %s source
2025-11-26 21:23:24.572  1641-2103  baaj                    com...oglequicksearchbox:interactor  I  (REDACTED) isGrpcDeviceIntent: %s
2025-11-26 21:23:24.661  3325-3371  MetricsFeatureProvider  com...android.settings.intelligence  W  Disabled westworld logs writing!!!
2025-11-26 21:23:24.662  3325-3371  MetricsFeatureProvider  com...android.settings.intelligence  W  Disabled westworld logs writing!!!
2025-11-26 21:23:24.662  3325-3371  MetricsFeatureProvider  com...android.settings.intelligence  W  Disabled westworld logs writing!!!
2025-11-26 21:23:24.662  3325-3371  MetricsFeatureProvider  com...android.settings.intelligence  W  Disabled westworld logs writing!!!
2025-11-26 21:23:24.662  3325-3371  MetricsFeatureProvider  com...android.settings.intelligence  W  Disabled westworld logs writing!!!
2025-11-26 21:23:24.663  3325-3371  MetricsFeatureProvider  com...android.settings.intelligence  W  Disabled westworld logs writing!!!
2025-11-26 21:23:24.663  3325-3371  MetricsFeatureProvider  com...android.settings.intelligence  W  Disabled westworld logs writing!!!
2025-11-26 21:23:24.663  3325-3371  MetricsFeatureProvider  com...android.settings.intelligence  W  Disabled westworld logs writing!!!
2025-11-26 21:23:24.664  3325-3371  MetricsFeatureProvider  com...android.settings.intelligence  W  Disabled westworld logs writing!!!
2025-11-26 21:23:24.664  3325-3371  MetricsFeatureProvider  com...android.settings.intelligence  W  Disabled westworld logs writing!!!
2025-11-26 21:23:24.664  3325-3371  MetricsFeatureProvider  com...android.settings.intelligence  W  Disabled westworld logs writing!!!
2025-11-26 21:23:24.665  3325-3371  MetricsFeatureProvider  com...android.settings.intelligence  W  Disabled westworld logs writing!!!
2025-11-26 21:23:24.666  3325-3371  MetricsFeatureProvider  com...android.settings.intelligence  W  Disabled westworld logs writing!!!
2025-11-26 21:23:24.666  3325-3371  MetricsFeatureProvider  com...android.settings.intelligence  W  Disabled westworld logs writing!!!
2025-11-26 21:23:24.667  3325-3371  MetricsFeatureProvider  com...android.settings.intelligence  W  Disabled westworld logs writing!!!
2025-11-26 21:23:24.668  3325-3371  MetricsFeatureProvider  com...android.settings.intelligence  W  Disabled westworld logs writing!!!
2025-11-26 21:23:24.668  3325-3371  MetricsFeatureProvider  com...android.settings.intelligence  W  Disabled westworld logs writing!!!
2025-11-26 21:23:24.668  3325-3371  MetricsFeatureProvider  com...android.settings.intelligence  W  Disabled westworld logs writing!!!
2025-11-26 21:23:24.669  3325-3371  MetricsFeatureProvider  com...android.settings.intelligence  W  Disabled westworld logs writing!!!
2025-11-26 21:23:24.669  3325-3371  MetricsFeatureProvider  com...android.settings.intelligence  W  Disabled westworld logs writing!!!
2025-11-26 21:23:24.669  3325-3371  MetricsFeatureProvider  com...android.settings.intelligence  W  Disabled westworld logs writing!!!
2025-11-26 21:23:24.669  3325-3371  MetricsFeatureProvider  com...android.settings.intelligence  W  Disabled westworld logs writing!!!
2025-11-26 21:23:24.690  3325-3371  IndexDataConverter      com...android.settings.intelligence  W  Skipping null deep link for raw indexable com.android.settings/Android Safe Browsing
2025-11-26 21:23:24.696  3325-3371  IndexDataConverter      com...android.settings.intelligence  W  Skipping null deep link for raw indexable com.android.settings/Google
2025-11-26 21:23:24.696  3325-3371  IndexDataConverter      com...android.settings.intelligence  W  Skipping null deep link for raw indexable com.android.settings/Android Safe Browsing
2025-11-26 21:23:24.783  3325-3371  SQLiteLog               com...android.settings.intelligence  W  (28) double-quoted string literal: "bluetooth_screen_bt_pair_rename_devices"
2025-11-26 21:23:24.789  3325-3371  SQLiteLog               com...android.settings.intelligence  W  (28) double-quoted string literal: "bluetooth_screen_bt_pair_rename_devices"
2025-11-26 21:23:24.797  1546-1723  .apps.wellbeing         com.google.android.apps.wellbeing    I  AssetManager2(0x76abf9bcbe58) locale list changing from [] to [en-US]
2025-11-26 21:23:24.827  1546-1723  .apps.wellbeing         com.google.android.apps.wellbeing    I  AssetManager2(0x76abf9bd4af8) locale list changing from [] to [en-US]
2025-11-26 21:23:24.839  3325-3545  Allowliste...dentifiers com...android.settings.intelligence  W  Is debuggable: false
2025-11-26 21:23:24.839   788-990   InetDiagMessage         system_server                        D  Destroyed 0 sockets, proto=IPPROTO_TCP, family=AF_INET, states=14
2025-11-26 21:23:24.840   788-990   InetDiagMessage         system_server                        D  Destroyed 0 sockets, proto=IPPROTO_TCP, family=AF_INET6, states=14
2025-11-26 21:23:24.841   788-990   InetDiagMessage         system_server                        D  Destroyed live tcp sockets for uids={10165} in 4ms
2025-11-26 21:23:24.845   788-990   InetDiagMessage         system_server                        D  Destroyed 0 sockets, proto=IPPROTO_TCP, family=AF_INET, states=14
2025-11-26 21:23:24.848   788-990   InetDiagMessage         system_server                        D  Destroyed 0 sockets, proto=IPPROTO_TCP, family=AF_INET6, states=14
2025-11-26 21:23:24.848   788-990   InetDiagMessage         system_server                        D  Destroyed live tcp sockets for uids={20165} in 6ms
2025-11-26 21:23:24.857  1546-1723  .apps.wellbeing         com.google.android.apps.wellbeing    I  AssetManager2(0x76abf9bc9298) locale list changing from [] to [en-US]
2025-11-26 21:23:24.863  1546-1723  .apps.wellbeing         com.google.android.apps.wellbeing    I  AssetManager2(0x76abf9bcd118) locale list changing from [] to [en-US]
2025-11-26 21:23:24.881  1546-1723  .apps.wellbeing         com.google.android.apps.wellbeing    I  AssetManager2(0x76abf9bd0318) locale list changing from [] to [en-US]
2025-11-26 21:23:24.887  1546-1723  .apps.wellbeing         com.google.android.apps.wellbeing    I  AssetManager2(0x76abf9bc9bf8) locale list changing from [] to [en-US]
2025-11-26 21:23:24.899  1546-1723  .apps.wellbeing         com.google.android.apps.wellbeing    I  AssetManager2(0x76abf9bc98d8) locale list changing from [] to [en-US]
2025-11-26 21:23:24.912   788-1651  AppSearchIcing          system_server                        W  status-util.h:31: Error: 5, Message: Document (com.google.android.settings.intelligence$settings/settings, com.android.settings/bluetooth_screen_bt_pair_rename_devices) not found.
2025-11-26 21:23:24.929   788-1651  AppSearchIcing          system_server                        I  icing-search-engine.cc:2177: Persisting data to disk
2025-11-26 21:23:24.943  1546-1723  .apps.wellbeing         com.google.android.apps.wellbeing    I  AssetManager2(0x76abf9bc5738) locale list changing from [] to [en-US]
2025-11-26 21:23:24.953  1546-1723  .apps.wellbeing         com.google.android.apps.wellbeing    I  AssetManager2(0x76abf9bc7fd8) locale list changing from [] to [en-US]
2025-11-26 21:23:24.962  1546-1723  .apps.wellbeing         com.google.android.apps.wellbeing    I  AssetManager2(0x76abf9bc8f78) locale list changing from [] to [en-US]
2025-11-26 21:23:24.981   788-990   InetDiagMessage         system_server                        D  Destroyed 0 sockets, proto=IPPROTO_TCP, family=AF_INET, states=14
2025-11-26 21:23:24.984   788-990   InetDiagMessage         system_server                        D  Destroyed 0 sockets, proto=IPPROTO_TCP, family=AF_INET6, states=14
2025-11-26 21:23:24.985   788-990   InetDiagMessage         system_server                        D  Destroyed live tcp sockets for uids={10164} in 9ms
2025-11-26 21:23:24.989   788-990   InetDiagMessage         system_server                        D  Destroyed 0 sockets, proto=IPPROTO_TCP, family=AF_INET, states=14
2025-11-26 21:23:24.992   788-990   InetDiagMessage         system_server                        D  Destroyed 0 sockets, proto=IPPROTO_TCP, family=AF_INET6, states=14
2025-11-26 21:23:24.993   788-990   InetDiagMessage         system_server                        D  Destroyed live tcp sockets for uids={20164} in 8ms
2025-11-26 21:23:25.028  1546-1723  .apps.wellbeing         com.google.android.apps.wellbeing    I  AssetManager2(0x76abf9bd31f8) locale list changing from [] to [en-US]
2025-11-26 21:23:25.036   788-1651  AppSearchIcing          system_server                        I  icing-search-engine.cc:2193: PersistToDisk completed.
2025-11-26 21:23:25.040  1546-1723  .apps.wellbeing         com.google.android.apps.wellbeing    I  AssetManager2(0x76abf9bd2258) locale list changing from [] to [en-US]
2025-11-26 21:23:25.052  1546-1723  .apps.wellbeing         com.google.android.apps.wellbeing    I  AssetManager2(0x76abf9bd2898) locale list changing from [] to [en-US]
2025-11-26 21:23:25.063  1546-1723  .apps.wellbeing         com.google.android.apps.wellbeing    I  AssetManager2(0x76abf9bd2bb8) locale list changing from [] to [en-US]
2025-11-26 21:23:25.089  1546-1723  .apps.wellbeing         com.google.android.apps.wellbeing    I  AssetManager2(0x76abf9bd47d8) locale list changing from [] to [en-US]
2025-11-26 21:23:25.101  1546-1723  .apps.wellbeing         com.google.android.apps.wellbeing    I  AssetManager2(0x76abf9bd2578) locale list changing from [] to [en-US]
2025-11-26 21:23:25.156  1893-2422  akhq                    com...d.googlequicksearchbox:search  W  Calling registerSyncInternal api failed.
2025-11-26 21:23:25.165  1546-1723  .apps.wellbeing         com.google.android.apps.wellbeing    I  AssetManager2(0x76abf9bc7358) locale list changing from [] to [en-US]
2025-11-26 21:23:25.173  1893-2240  achh                    com...d.googlequicksearchbox:search  W  Abort, client detached.
2025-11-26 21:23:25.184   788-1976  JobScheduler            system_server                        W  Job didn't exist in JobStore: 3ec77d1 #u0a147/-151 com.google.android.googlequicksearchbox/com.google.android.apps.gsa.tasks.BackgroundTasksJobService
2025-11-26 21:23:25.193  3325-3371  MetricsFeatureProvider  com...android.settings.intelligence  W  Disabled westworld logs writing!!!
2025-11-26 21:23:25.201  3325-3371  MetricsFeatureProvider  com...android.settings.intelligence  W  Disabled westworld logs writing!!!
2025-11-26 21:23:25.202  1546-1723  .apps.wellbeing         com.google.android.apps.wellbeing    I  AssetManager2(0x76abf9bd1f38) locale list changing from [] to [en-US]
2025-11-26 21:23:25.215  1415-1415  BoundBrokerSvc          com.google.android.gms.persistent    D  onUnbind: Intent { act=com.google.android.gms.auth.proximity.START dat=chimera-action:/... xflg=0x4 cmp=com.google.android.gms/.chimera.PersistentBoundBrokerService }
2025-11-26 21:23:25.217  1546-1723  .apps.wellbeing         com.google.android.apps.wellbeing    I  AssetManager2(0x76abf9bcd438) locale list changing from [] to [en-US]
2025-11-26 21:23:25.227  1546-1723  .apps.wellbeing         com.google.android.apps.wellbeing    I  AssetManager2(0x76abf9bcf058) locale list changing from [] to [en-US]
2025-11-26 21:23:25.232  1546-1723  .apps.wellbeing         com.google.android.apps.wellbeing    I  AssetManager2(0x76abf9bd3b58) locale list changing from [] to [en-US]
2025-11-26 21:23:25.245  1546-1723  .apps.wellbeing         com.google.android.apps.wellbeing    I  AssetManager2(0x76abf9bd0638) locale list changing from [] to [en-US]
2025-11-26 21:23:25.288  1546-1723  .apps.wellbeing         com.google.android.apps.wellbeing    I  AssetManager2(0x76abf9bd4e18) locale list changing from [] to [en-US]
2025-11-26 21:23:25.293  1546-1723  .apps.wellbeing         com.google.android.apps.wellbeing    I  AssetManager2(0x76abf9bcd758) locale list changing from [] to [en-US]
2025-11-26 21:23:25.294  1415-1415  BoundBrokerSvc          com.google.android.gms.persistent    D  onUnbind: Intent { act=com.google.android.gms.pseudonymous.service.START xflg=0x4 pkg=com.google.android.gms }
2025-11-26 21:23:25.298  1546-1723  .apps.wellbeing         com.google.android.apps.wellbeing    I  AssetManager2(0x76abf9bd4198) locale list changing from [] to [en-US]
2025-11-26 21:23:25.305  1546-1723  .apps.wellbeing         com.google.android.apps.wellbeing    I  AssetManager2(0x76abf9bca238) locale list changing from [] to [en-US]
2025-11-26 21:23:25.313  1546-1723  .apps.wellbeing         com.google.android.apps.wellbeing    I  AssetManager2(0x76abf9bb4758) locale list changing from [] to [en-US]
2025-11-26 21:23:25.316  1546-1723  .apps.wellbeing         com.google.android.apps.wellbeing    I  AssetManager2(0x76abf9bba838) locale list changing from [] to [en-US]
2025-11-26 21:23:25.322  1546-1723  .apps.wellbeing         com.google.android.apps.wellbeing    I  AssetManager2(0x76abf9baefd8) locale list changing from [] to [en-US]
2025-11-26 21:23:25.324  1546-1723  .apps.wellbeing         com.google.android.apps.wellbeing    I  AssetManager2(0x76abf9bb7f98) locale list changing from [] to [en-US]
2025-11-26 21:23:25.328  1546-1723  .apps.wellbeing         com.google.android.apps.wellbeing    I  AssetManager2(0x76abf9bb6378) locale list changing from [] to [en-US]
2025-11-26 21:23:25.341  1546-1723  .apps.wellbeing         com.google.android.apps.wellbeing    I  AssetManager2(0x76abf9bbd0d8) locale list changing from [] to [en-US]
2025-11-26 21:23:25.354  1546-1723  .apps.wellbeing         com.google.android.apps.wellbeing    I  AssetManager2(0x76abf9bcc7b8) locale list changing from [] to [en-US]
2025-11-26 21:23:25.365  1546-1723  .apps.wellbeing         com.google.android.apps.wellbeing    I  AssetManager2(0x76abf9bb88f8) locale list changing from [] to [en-US]
2025-11-26 21:23:25.376  1546-1723  .apps.wellbeing         com.google.android.apps.wellbeing    I  AssetManager2(0x76abf9bc8618) locale list changing from [] to [en-US]
2025-11-26 21:23:25.383  1546-1723  .apps.wellbeing         com.google.android.apps.wellbeing    I  AssetManager2(0x76abf9bc63b8) locale list changing from [] to [en-US]
2025-11-26 21:23:25.387  1546-1723  .apps.wellbeing         com.google.android.apps.wellbeing    I  AssetManager2(0x76abf9bca558) locale list changing from [] to [en-US]
2025-11-26 21:23:25.395  1546-1723  .apps.wellbeing         com.google.android.apps.wellbeing    I  AssetManager2(0x76abf9bc6d18) locale list changing from [] to [en-US]
2025-11-26 21:23:25.404  1546-1723  .apps.wellbeing         com.google.android.apps.wellbeing    I  AssetManager2(0x76abf9bcc498) locale list changing from [] to [en-US]
2025-11-26 21:23:25.421  1546-1723  .apps.wellbeing         com.google.android.apps.wellbeing    I  AssetManager2(0x76abf9bc7678) locale list changing from [] to [en-US]
2025-11-26 21:23:25.427  1546-1723  .apps.wellbeing         com.google.android.apps.wellbeing    I  AssetManager2(0x76abf9bc69f8) locale list changing from [] to [en-US]
2025-11-26 21:23:25.435  1546-1723  .apps.wellbeing         com.google.android.apps.wellbeing    I  AssetManager2(0x76abf9bc7038) locale list changing from [] to [en-US]
2025-11-26 21:23:25.444  1546-1723  .apps.wellbeing         com.google.android.apps.wellbeing    I  AssetManager2(0x76abf9bcab98) locale list changing from [] to [en-US]
2025-11-26 21:23:25.451  1546-1723  .apps.wellbeing         com.google.android.apps.wellbeing    I  AssetManager2(0x76abf9bc8c58) locale list changing from [] to [en-US]
2025-11-26 21:23:25.465  1546-1723  .apps.wellbeing         com.google.android.apps.wellbeing    I  AssetManager2(0x76abf9bc34d8) locale list changing from [] to [en-US]
2025-11-26 21:23:25.471  1546-1723  .apps.wellbeing         com.google.android.apps.wellbeing    I  AssetManager2(0x76abf9bc2218) locale list changing from [] to [en-US]
2025-11-26 21:23:25.472   788-932   ActivityManager         system_server                        D  freezing 1951 com.google.android.dialer
2025-11-26 21:23:25.482   788-990   InetDiagMessage         system_server                        D  Destroyed 0 sockets, proto=IPPROTO_TCP, family=AF_INET, states=14
2025-11-26 21:23:25.484   788-990   InetDiagMessage         system_server                        D  Destroyed 0 sockets, proto=IPPROTO_TCP, family=AF_INET6, states=14
2025-11-26 21:23:25.484   788-990   InetDiagMessage         system_server                        D  Destroyed live tcp sockets for uids={10144} in 4ms
2025-11-26 21:23:25.488  1546-1723  .apps.wellbeing         com.google.android.apps.wellbeing    I  AssetManager2(0x76abf9bcc178) locale list changing from [] to [en-US]
2025-11-26 21:23:25.496  1546-1723  .apps.wellbeing         com.google.android.apps.wellbeing    I  AssetManager2(0x76abf9bc0c38) locale list changing from [] to [en-US]
2025-11-26 21:23:25.519  1546-1723  .apps.wellbeing         com.google.android.apps.wellbeing    I  AssetManager2(0x76abf9bc2858) locale list changing from [] to [en-US]
2025-11-26 21:23:25.529  1546-1723  .apps.wellbeing         com.google.android.apps.wellbeing    I  AssetManager2(0x76abf9bbe078) locale list changing from [] to [en-US]
2025-11-26 21:23:25.535  1546-1723  .apps.wellbeing         com.google.android.apps.wellbeing    I  AssetManager2(0x76abf9bcb1d8) locale list changing from [] to [en-US]
2025-11-26 21:23:25.537  1546-1723  .apps.wellbeing         com.google.android.apps.wellbeing    I  AssetManager2(0x76abf9bbe9d8) locale list changing from [] to [en-US]
2025-11-26 21:23:25.541  1546-1723  .apps.wellbeing         com.google.android.apps.wellbeing    I  AssetManager2(0x76abf9bc2538) locale list changing from [] to [en-US]
2025-11-26 21:23:25.545  1546-1723  .apps.wellbeing         com.google.android.apps.wellbeing    I  AssetManager2(0x76abf9bbf978) locale list changing from [] to [en-US]
2025-11-26 21:23:25.554  1546-1723  .apps.wellbeing         com.google.android.apps.wellbeing    I  AssetManager2(0x76abf9bc18b8) locale list changing from [] to [en-US]
2025-11-26 21:23:25.562  1546-1723  .apps.wellbeing         com.google.android.apps.wellbeing    I  AssetManager2(0x76abf9bba1f8) locale list changing from [] to [en-US]
2025-11-26 21:23:25.574  1546-1723  .apps.wellbeing         com.google.android.apps.wellbeing    I  AssetManager2(0x76abf9bbbe18) locale list changing from [] to [en-US]
2025-11-26 21:23:25.577  1546-1723  .apps.wellbeing         com.google.android.apps.wellbeing    I  AssetManager2(0x76abf9bb82b8) locale list changing from [] to [en-US]
2025-11-26 21:23:25.583  1546-1723  .apps.wellbeing         com.google.android.apps.wellbeing    I  AssetManager2(0x76abf9bb8f38) locale list changing from [] to [en-US]
2025-11-26 21:23:25.588  1546-1723  .apps.wellbeing         com.google.android.apps.wellbeing    I  AssetManager2(0x76abf9bb6ff8) locale list changing from [] to [en-US]
2025-11-26 21:23:25.596  1546-1723  .apps.wellbeing         com.google.android.apps.wellbeing    I  AssetManager2(0x76abf9bb7318) locale list changing from [] to [en-US]
2025-11-26 21:23:25.604  1178-2465  NetworkMonitor/100      com.android.networkstack.process     D  PROBE_HTTP http://connectivitycheck.gstatic.com/generate_204 Probe failed with exception java.net.SocketTimeoutException: failed to connect to connectivitycheck.gstatic.com/14.215.177.38 (port 80) from /10.0.2.15 (port 48238) after 10000ms
2025-11-26 21:23:25.613  1546-1723  .apps.wellbeing         com.google.android.apps.wellbeing    I  AssetManager2(0x76abf9bbb4b8) locale list changing from [] to [en-US]
2025-11-26 21:23:25.617  1178-2462  NetworkMonitor/100      com.android.networkstack.process     D  isCaptivePortal: isSuccessful()=false isPortal()=false RedirectUrl=null isPartialConnectivity()=false Time=30270ms
2025-11-26 21:23:25.619  1546-1723  .apps.wellbeing         com.google.android.apps.wellbeing    I  AssetManager2(0x76abf9bb6698) locale list changing from [] to [en-US]
2025-11-26 21:23:25.632  1546-1723  .apps.wellbeing         com.google.android.apps.wellbeing    I  AssetManager2(0x76abf9bbe6b8) locale list changing from [] to [en-US]
2025-11-26 21:23:25.643  1546-1723  .apps.wellbeing         com.google.android.apps.wellbeing    I  AssetManager2(0x76abf9bb9ed8) locale list changing from [] to [en-US]
2025-11-26 21:23:25.644   788-990   ConnectivityService     system_server                        D  [100 CELLULAR] validation failed
2025-11-26 21:23:25.652  1546-1723  .apps.wellbeing         com.google.android.apps.wellbeing    I  AssetManager2(0x76abf9bbc778) locale list changing from [] to [en-US]
2025-11-26 21:23:25.660  1546-1723  .apps.wellbeing         com.google.android.apps.wellbeing    I  AssetManager2(0x76abf9bc4ab8) locale list changing from [] to [en-US]
2025-11-26 21:23:25.663  1546-1723  .apps.wellbeing         com.google.android.apps.wellbeing    I  AssetManager2(0x76abf9bbc138) locale list changing from [] to [en-US]
2025-11-26 21:23:25.670  1546-1723  .apps.wellbeing         com.google.android.apps.wellbeing    I  AssetManager2(0x76abf9bc1278) locale list changing from [] to [en-US]
2025-11-26 21:23:25.672  1546-1723  .apps.wellbeing         com.google.android.apps.wellbeing    I  AssetManager2(0x76abf9bbfc98) locale list changing from [] to [en-US]
2025-11-26 21:23:25.676  1546-1723  .apps.wellbeing         com.google.android.apps.wellbeing    I  AssetManager2(0x76abf9bc37f8) locale list changing from [] to [en-US]
2025-11-26 21:23:25.680  1546-1723  .apps.wellbeing         com.google.android.apps.wellbeing    I  AssetManager2(0x76abf9bbf658) locale list changing from [] to [en-US]
2025-11-26 21:23:25.685  1546-1723  .apps.wellbeing         com.google.android.apps.wellbeing    I  AssetManager2(0x76abf9bc2e98) locale list changing from [] to [en-US]
2025-11-26 21:23:25.690  1546-1723  .apps.wellbeing         com.google.android.apps.wellbeing    I  AssetManager2(0x76abf9bc4478) locale list changing from [] to [en-US]
2025-11-26 21:23:25.693  1546-1723  .apps.wellbeing         com.google.android.apps.wellbeing    I  AssetManager2(0x76abf9bc4158) locale list changing from [] to [en-US]
2025-11-26 21:23:25.698  1546-1723  .apps.wellbeing         com.google.android.apps.wellbeing    I  AssetManager2(0x76abf9bc1bd8) locale list changing from [] to [en-US]
2025-11-26 21:23:25.701  1546-1723  .apps.wellbeing         com.google.android.apps.wellbeing    I  AssetManager2(0x76abf9bc3b18) locale list changing from [] to [en-US]
2025-11-26 21:23:25.704  1546-1723  .apps.wellbeing         com.google.android.apps.wellbeing    I  AssetManager2(0x76abf9bbf018) locale list changing from [] to [en-US]
2025-11-26 21:23:25.707  1546-1723  .apps.wellbeing         com.google.android.apps.wellbeing    I  AssetManager2(0x76abf9bc3e38) locale list changing from [] to [en-US]
2025-11-26 21:23:25.712  1546-1723  .apps.wellbeing         com.google.android.apps.wellbeing    I  AssetManager2(0x76abf9bb69b8) locale list changing from [] to [en-US]
2025-11-26 21:23:25.715  1546-1723  .apps.wellbeing         com.google.android.apps.wellbeing    I  AssetManager2(0x76abf9bc0f58) locale list changing from [] to [en-US]
2025-11-26 21:23:25.717  1546-1723  .apps.wellbeing         com.google.android.apps.wellbeing    I  AssetManager2(0x76abf9bc0918) locale list changing from [] to [en-US]
2025-11-26 21:23:25.721  1546-1723  .apps.wellbeing         com.google.android.apps.wellbeing    I  AssetManager2(0x76abf9bbffb8) locale list changing from [] to [en-US]
2025-11-26 21:23:25.728  1546-1723  .apps.wellbeing         com.google.android.apps.wellbeing    I  AssetManager2(0x76abf9bc05f8) locale list changing from [] to [en-US]
2025-11-26 21:23:25.732  1546-1723  .apps.wellbeing         com.google.android.apps.wellbeing    I  AssetManager2(0x76abf9bc02d8) locale list changing from [] to [en-US]
2025-11-26 21:23:25.736  1546-1723  .apps.wellbeing         com.google.android.apps.wellbeing    I  AssetManager2(0x76abf9bbecf8) locale list changing from [] to [en-US]
2025-11-26 21:23:25.739  1546-1723  .apps.wellbeing         com.google.android.apps.wellbeing    I  AssetManager2(0x76abf9bbbaf8) locale list changing from [] to [en-US]
2025-11-26 21:23:25.748  1546-1723  .apps.wellbeing         com.google.android.apps.wellbeing    I  AssetManager2(0x76abf9bb9bb8) locale list changing from [] to [en-US]
2025-11-26 21:23:25.753  1546-1723  .apps.wellbeing         com.google.android.apps.wellbeing    I  AssetManager2(0x76abf9bbd718) locale list changing from [] to [en-US]
2025-11-26 21:23:25.755  1546-1723  .apps.wellbeing         com.google.android.apps.wellbeing    I  AssetManager2(0x76abf9bbca98) locale list changing from [] to [en-US]
2025-11-26 21:23:25.765  1546-1723  .apps.wellbeing         com.google.android.apps.wellbeing    I  AssetManager2(0x76abf9bd9918) locale list changing from [] to [en-US]
2025-11-26 21:23:25.770  1546-1723  .apps.wellbeing         com.google.android.apps.wellbeing    I  AssetManager2(0x76abf9bda8b8) locale list changing from [] to [en-US]
2025-11-26 21:23:25.770   788-990   InetDiagMessage         system_server                        D  Destroyed 0 sockets, proto=IPPROTO_TCP, family=AF_INET, states=14
2025-11-26 21:23:25.771   788-990   InetDiagMessage         system_server                        D  Destroyed 0 sockets, proto=IPPROTO_TCP, family=AF_INET6, states=14
2025-11-26 21:23:25.772   788-990   InetDiagMessage         system_server                        D  Destroyed live tcp sockets for uids={10103} in 4ms
2025-11-26 21:23:25.773   788-990   InetDiagMessage         system_server                        D  Destroyed 0 sockets, proto=IPPROTO_TCP, family=AF_INET, states=14
2025-11-26 21:23:25.775   788-990   InetDiagMessage         system_server                        D  Destroyed 0 sockets, proto=IPPROTO_TCP, family=AF_INET6, states=14
2025-11-26 21:23:25.776   788-990   InetDiagMessage         system_server                        D  Destroyed live tcp sockets for uids={20103} in 4ms
2025-11-26 21:23:25.777  1546-1723  .apps.wellbeing         com.google.android.apps.wellbeing    I  AssetManager2(0x76abf9bd9f58) locale list changing from [] to [en-US]
2025-11-26 21:23:25.786  1546-1723  .apps.wellbeing         com.google.android.apps.wellbeing    I  AssetManager2(0x76abf9bdb858) locale list changing from [] to [en-US]
2025-11-26 21:23:25.793  1546-1723  .apps.wellbeing         com.google.android.apps.wellbeing    I  AssetManager2(0x76abf9bd7078) locale list changing from [] to [en-US]
2025-11-26 21:23:25.797  1546-1723  .apps.wellbeing         com.google.android.apps.wellbeing    I  AssetManager2(0x76abf9bdb218) locale list changing from [] to [en-US]
2025-11-26 21:23:25.802  1546-1723  .apps.wellbeing         com.google.android.apps.wellbeing    I  AssetManager2(0x76abf9bd8338) locale list changing from [] to [en-US]
2025-11-26 21:23:25.808  1546-1723  .apps.wellbeing         com.google.android.apps.wellbeing    I  AssetManager2(0x76abf9bd7398) locale list changing from [] to [en-US]
2025-11-26 21:23:25.810  1546-1723  .apps.wellbeing         com.google.android.apps.wellbeing    I  AssetManager2(0x76abf9bdcb18) locale list changing from [] to [en-US]
2025-11-26 21:23:25.819  1546-1723  .apps.wellbeing         com.google.android.apps.wellbeing    I  AssetManager2(0x76abf9bd76b8) locale list changing from [] to [en-US]
2025-11-26 21:23:25.822  1546-1723  .apps.wellbeing         com.google.android.apps.wellbeing    I  AssetManager2(0x76abf9bd8978) locale list changing from [] to [en-US]
2025-11-26 21:23:25.826   788-1024  SntpClient              system_server                        D  request time failed: java.net.SocketTimeoutException: Poll timed out
2025-11-26 21:23:25.830  1546-1723  .apps.wellbeing         com.google.android.apps.wellbeing    I  AssetManager2(0x76abf9bd7cf8) locale list changing from [] to [en-US]
2025-11-26 21:23:25.843  1546-1723  .apps.wellbeing         com.google.android.apps.wellbeing    I  AssetManager2(0x76abf9bd5138) locale list changing from [] to [en-US]
2025-11-26 21:23:25.846  1546-1723  .apps.wellbeing         com.google.android.apps.wellbeing    I  AssetManager2(0x76abf9bd8018) locale list changing from [] to [en-US]
2025-11-26 21:23:25.849  1546-1723  .apps.wellbeing         com.google.android.apps.wellbeing    I  AssetManager2(0x76abf9bd5778) locale list changing from [] to [en-US]
2025-11-26 21:23:25.855  1546-1723  .apps.wellbeing         com.google.android.apps.wellbeing    I  AssetManager2(0x76abf9bda278) locale list changing from [] to [en-US]
2025-11-26 21:23:25.859   788-869   WifiService             system_server                        I  isFeatureSupported uid=1000 returns [WIFI_FEATURE_INFRA, WIFI_FEATURE_P2P, WIFI_FEATURE_MOBILE_HOTSPOT, WIFI_FEATURE_WPA3_SAE, WIFI_FEATURE_WPA3_SUITE_B, WIFI_FEATURE_OWE, WIFI_FEATURE_DPP, WIFI_FEATURE_AP_RAND_MAC, WIFI_FEATURE_MBO, WIFI_FEATURE_FILS_SHA256, WIFI_FEATURE_FILS_SHA384, WIFI_FEATURE_SAE_PK, WIFI_FEATURE_DPP_ENROLLEE_RESPONDER, WIFI_FEATURE_PASSPOINT_TERMS_AND_CONDITIONS, WIFI_FEATURE_WFD_R2, WIFI_FEATURE_DECORATED_IDENTITY, WIFI_FEATURE_TRUST_ON_FIRST_USE, WIFI_FEATURE_SET_TLS_MINIMUM_VERSION, WIFI_FEATURE_TLS_V1_3, WIFI_FEATURE_WEP, WIFI_FEATURE_WPA_PERSONAL]
2025-11-26 21:23:25.860  1546-1723  .apps.wellbeing         com.google.android.apps.wellbeing    I  AssetManager2(0x76abf9bdbe98) locale list changing from [] to [en-US]
2025-11-26 21:23:25.862  1546-1723  .apps.wellbeing         com.google.android.apps.wellbeing    I  AssetManager2(0x76abf9bd5458) locale list changing from [] to [en-US]
2025-11-26 21:23:25.879  1546-1723  .apps.wellbeing         com.google.android.apps.wellbeing    I  AssetManager2(0x76abf9bd95f8) locale list changing from [] to [en-US]
2025-11-26 21:23:25.881  1546-1723  .apps.wellbeing         com.google.android.apps.wellbeing    I  AssetManager2(0x76abf9bdb538) locale list changing from [] to [en-US]
2025-11-26 21:23:25.887  1546-1723  .apps.wellbeing         com.google.android.apps.wellbeing    I  AssetManager2(0x76abf9bd8c98) locale list changing from [] to [en-US]
2025-11-26 21:23:25.890  1546-1723  .apps.wellbeing         com.google.android.apps.wellbeing    I  AssetManager2(0x76abf9bda598) locale list changing from [] to [en-US]
2025-11-26 21:23:25.895  1546-1723  .apps.wellbeing         com.google.android.apps.wellbeing    I  AssetManager2(0x76abf9bdc4d8) locale list changing from [] to [en-US]
2025-11-26 21:23:25.899  1546-1723  .apps.wellbeing         com.google.android.apps.wellbeing    I  AssetManager2(0x76abf9bd5db8) locale list changing from [] to [en-US]
2025-11-26 21:23:25.901  1546-1723  .apps.wellbeing         com.google.android.apps.wellbeing    I  AssetManager2(0x76abf9bd79d8) locale list changing from [] to [en-US]
2025-11-26 21:23:25.905  1546-1723  .apps.wellbeing         com.google.android.apps.wellbeing    I  AssetManager2(0x76abf9be4818) locale list changing from [] to [en-US]
2025-11-26 21:23:25.908  1546-1723  .apps.wellbeing         com.google.android.apps.wellbeing    I  AssetManager2(0x76abf9be3878) locale list changing from [] to [en-US]
2025-11-26 21:23:25.911  1546-1723  .apps.wellbeing         com.google.android.apps.wellbeing    I  AssetManager2(0x76abf9bdf098) locale list changing from [] to [en-US]
2025-11-26 21:23:25.916  1546-1723  .apps.wellbeing         com.google.android.apps.wellbeing    I  AssetManager2(0x76abf9bde738) locale list changing from [] to [en-US]
2025-11-26 21:23:25.922  1546-1723  .apps.wellbeing         com.google.android.apps.wellbeing    I  AssetManager2(0x76abf9be1618) locale list changing from [] to [en-US]
2025-11-26 21:23:25.927  1415-1550  NearbyConnections       com.google.android.gms.persistent    I  Client 0p:com.google.android.gms.nearby.sharing disconnecting
2025-11-26 21:23:25.927  1415-1550  Nearby                  com.google.android.gms.persistent    I  Successfully shutdown executor ClientBridge.alarmExecutor. [CONTEXT service_id=49 ]
2025-11-26 21:23:25.928  1415-3542  NearbyConnections       com.google.android.gms.persistent    I  Because they unbound from our service, all state for client 90940754 will now be cleaned up.
2025-11-26 21:23:25.930  1415-3542  Nearby                  com.google.android.gms.persistent    I  Successfully shutdown executor AnalyticsRecorder.analyticsExecutor. [CONTEXT service_id=49 ]
2025-11-26 21:23:25.932  1415-3542  Nearby                  com.google.android.gms.persistent    I  Successfully shutdown executor AnalyticsRecorder.analyticsExecutor. [CONTEXT service_id=49 ]
2025-11-26 21:23:25.934  1415-3542  Nearby                  com.google.android.gms.persistent    I  Successfully shutdown executor AnalyticsRecorder.analyticsExecutor. [CONTEXT service_id=49 ]
2025-11-26 21:23:25.935  1415-3542  Nearby                  com.google.android.gms.persistent    I  Successfully shutdown executor PayloadManager.streamPayloadExecutor. [CONTEXT service_id=49 ]
2025-11-26 21:23:25.936  1415-3542  Nearby                  com.google.android.gms.persistent    I  Successfully shutdown executor PayloadManager.filePayloadExecutor. [CONTEXT service_id=49 ]
2025-11-26 21:23:25.936  1415-3542  Nearby                  com.google.android.gms.persistent    I  Successfully shutdown executor PayloadManager.bytesPayloadExecutor. [CONTEXT service_id=49 ]
2025-11-26 21:23:25.936  1415-3542  Nearby                  com.google.android.gms.persistent    I  Successfully shutdown executor ClientProxy.endpointRotationAlarmExecutor. [CONTEXT service_id=49 ]
2025-11-26 21:23:25.936  1415-3542  Nearby                  com.google.android.gms.persistent    I  Successfully shutdown executor ClientProxy.endpointIdRotationExecutor. [CONTEXT service_id=49 ]
2025-11-26 21:23:25.937  1546-1723  .apps.wellbeing         com.google.android.apps.wellbeing    I  AssetManager2(0x76abf9be0cb8) locale list changing from [] to [en-US]
2025-11-26 21:23:25.937  1415-3542  Nearby                  com.google.android.gms.persistent    I  Successfully shutdown executor AnalyticsRecorder.analyticsExecutor. [CONTEXT service_id=49 ]
2025-11-26 21:23:25.941  1546-1723  .apps.wellbeing         com.google.android.apps.wellbeing    I  AssetManager2(0x76abf9be2bf8) locale list changing from [] to [en-US]
2025-11-26 21:23:25.944  1546-1723  .apps.wellbeing         com.google.android.apps.wellbeing    I  AssetManager2(0x76abf9be12f8) locale list changing from [] to [en-US]
2025-11-26 21:23:25.948  1546-1723  .apps.wellbeing         com.google.android.apps.wellbeing    I  AssetManager2(0x76abf9be0358) locale list changing from [] to [en-US]
2025-11-26 21:23:25.952  1546-1723  .apps.wellbeing         com.google.android.apps.wellbeing    I  AssetManager2(0x76abf9bdf6d8) locale list changing from [] to [en-US]
2025-11-26 21:23:26.470  1415-1415  BoundBrokerSvc          com.google.android.gms.persistent    D  onUnbind: Intent { act=com.google.android.gms.clearcut.bootcount.service.START xflg=0x4 pkg=com.google.android.gms }
2025-11-26 21:23:26.620  1741-1741  BoundBrokerSvc          com.google.android.gms               D  onUnbind: Intent { act=com.google.android.gms.constellation.service.START xflg=0x4 pkg=com.google.android.gms }
2025-11-26 21:23:26.664   521-3554  resolv                  netd                                 I  ResNSendHandler::run: 0 / {100 983140 100 983140 1073 1}
2025-11-26 21:23:26.668   521-3555  resolv                  netd                                 I  ResNSendHandler::run: 0 / {100 983140 100 983140 1073 1}
2025-11-26 21:23:26.669   521-3555  resolv                  netd                                 I  resolv_cache_lookup: FOUND IN CACHE entry=0x74081bfa4760
2025-11-26 21:23:26.669   521-3556  resolv                  netd                                 I  ResNSendHandler::run: 0 / {100 983140 100 983140 1073 1}
2025-11-26 21:23:26.669   521-3556  resolv                  netd                                 I  resolv_cache_lookup: FOUND IN CACHE entry=0x7409bbfa1bd0
2025-11-26 21:23:26.672   521-3557  resolv                  netd                                 I  ResNSendHandler::run: 0 / {100 983140 100 983140 1073 1}
2025-11-26 21:23:26.672   521-3557  resolv                  netd                                 I  resolv_cache_lookup: FOUND IN CACHE entry=0x7409bbfa2f10
2025-11-26 21:23:26.680  1178-3552  NetworkMonitor/100      com.android.networkstack.process     D  PROBE_DNS www.google.com 23ms OK 31.13.73.169,2001::1
2025-11-26 21:23:26.685   521-3558  resolv                  netd                                 I  GetAddrInfoHandler::run: {100 983140 100 983140 1073 1}
2025-11-26 21:23:26.688   521-3559  resolv                  netd                                 I  res_nmkquery: (QUERY, IN, AAAA)
2025-11-26 21:23:26.688   521-3560  resolv                  netd                                 I  res_nmkquery: (QUERY, IN, A)
2025-11-26 21:23:26.688   521-3560  resolv                  netd                                 I  resolv_cache_lookup: FOUND IN CACHE entry=0x7409bbfa2f10
2025-11-26 21:23:26.688   521-3560  resolv                  netd                                 I  doQuery: rcode=0, ancount=1, return value=296
2025-11-26 21:23:26.689   521-3559  resolv                  netd                                 I  resolv_cache_lookup: FOUND IN CACHE entry=0x7409bbfa1bd0
2025-11-26 21:23:26.689   521-3559  resolv                  netd                                 I  doQuery: rcode=0, ancount=1, return value=308
2025-11-26 21:23:26.976   788-990   InetDiagMessage         system_server                        D  Destroyed 0 sockets, proto=IPPROTO_TCP, family=AF_INET, states=14
2025-11-26 21:23:26.977   788-990   InetDiagMessage         system_server                        D  Destroyed 0 sockets, proto=IPPROTO_TCP, family=AF_INET6, states=14
2025-11-26 21:23:26.977   788-990   InetDiagMessage         system_server                        D  Destroyed live tcp sockets for uids={10096} in 3ms
2025-11-26 21:23:26.980   788-990   InetDiagMessage         system_server                        D  Destroyed 0 sockets, proto=IPPROTO_TCP, family=AF_INET, states=14
2025-11-26 21:23:26.981   788-990   InetDiagMessage         system_server                        D  Destroyed 0 sockets, proto=IPPROTO_TCP, family=AF_INET6, states=14
2025-11-26 21:23:26.981   788-990   InetDiagMessage         system_server                        D  Destroyed live tcp sockets for uids={20096} in 3ms
2025-11-26 21:23:27.048  3458-3458  bt_gd_shim              pid-3458                             I  system/main/shim/stack.cc:161 StartEverything: init_status == 1
2025-11-26 21:23:27.049  3458-3518  libc                    pid-3458                             A  Fatal signal 6 (SIGABRT), code -6 (SI_TKILL) in tid 3518 (droid.bluetooth), pid 3458 (droid.bluetooth)
2025-11-26 21:23:27.150   788-932   ActivityManager         system_server                        D  freezing 3285 com.google.android.photopicker
2025-11-26 21:23:27.157  1741-1741  BoundBrokerSvc          com.google.android.gms               D  onUnbind: Intent { act=com.google.android.gms.checkin.START xflg=0x4 pkg=com.google.android.gms }
2025-11-26 21:23:27.159   788-841   OomAdjuster             system_server                        D  Not killing cached processes
2025-11-26 21:23:27.162   788-990   InetDiagMessage         system_server                        D  Destroyed 0 sockets, proto=IPPROTO_TCP, family=AF_INET, states=14
2025-11-26 21:23:27.168   788-990   InetDiagMessage         system_server                        D  Destroyed 0 sockets, proto=IPPROTO_TCP, family=AF_INET6, states=14
2025-11-26 21:23:27.168   788-990   InetDiagMessage         system_server                        D  Destroyed live tcp sockets for uids={10202} in 11ms
2025-11-26 21:23:27.223  1741-2366  PeopleGmsP...trIntentOp com.google.android.gms               W  Google Api connection failed
2025-11-26 21:23:27.282   521-572   netd                    netd                                 I  tetherGetStats() -> {[]} <4.52ms>
2025-11-26 21:23:27.317  3563-3563  crash_dump64            pid-3563                             I  obtaining output fd from tombstoned, type: kDebuggerdTombstoneProto
2025-11-26 21:23:27.321   338-338   tombstoned              tombstoned                           I  received crash request for pid 3518
2025-11-26 21:23:27.322  3563-3563  crash_dump64            pid-3563                             I  performing dump of process 3458 (target tid = 3518)
2025-11-26 21:23:27.342  3563-3563  DEBUG                   pid-3563                             E  failed to read process info: failed to open /proc/3458: No such file or directory
2025-11-26 21:23:27.525  1741-1741  BoundBrokerSvc          com.google.android.gms               D  onUnbind: Intent { act=com.google.android.gms.auth.cryptauth.cryptauthservice.START dat=chimera-action:/... xflg=0x4 cmp=com.google.android.gms/.chimera.GmsBoundBrokerService }
2025-11-26 21:23:27.781   788-932   ActivityManager         system_server                        D  freezing 2513 com.android.imsserviceentitlement
2025-11-26 21:23:27.789   788-990   InetDiagMessage         system_server                        D  Destroyed 0 sockets, proto=IPPROTO_TCP, family=AF_INET, states=14
2025-11-26 21:23:27.794   788-990   InetDiagMessage         system_server                        D  Destroyed 0 sockets, proto=IPPROTO_TCP, family=AF_INET6, states=14
2025-11-26 21:23:27.794   788-990   InetDiagMessage         system_server                        D  Destroyed live tcp sockets for uids={10141} in 10ms
2025-11-26 21:23:27.894   788-932   ActivityManager         system_server                        D  freezing 3303 com.android.externalstorage
2025-11-26 21:23:27.901   788-990   InetDiagMessage         system_server                        D  Destroyed 0 sockets, proto=IPPROTO_TCP, family=AF_INET, states=14
2025-11-26 21:23:27.905   788-990   InetDiagMessage         system_server                        D  Destroyed 0 sockets, proto=IPPROTO_TCP, family=AF_INET6, states=14
2025-11-26 21:23:27.905   788-990   InetDiagMessage         system_server                        D  Destroyed live tcp sockets for uids={10111} in 6ms
2025-11-26 21:23:27.944  1741-1741  NearbySharing           com.google.android.gms               I  SharingTileService destroyed
2025-11-26 21:23:28.230  1741-1741  BoundBrokerSvc          com.google.android.gms               D  onUnbind: Intent { act=com.google.android.gms.chimera.container.moduleinstall.ModuleInstallService.START dat=chimera-action:/... xflg=0x4 cmp=com.google.android.gms/.chimera.GmsApiService }
2025-11-26 21:23:28.233     0-0     logd                    kernel                               I  logdr: UID=1002 GID=1002 PID=3563 n tail=500 logMask=8 pid=3458 start=0ns deadline=0ns
2025-11-26 21:23:28.265     0-0     logd                    kernel                               I  logdr: UID=1002 GID=1002 PID=3563 n tail=500 logMask=1 pid=3458 start=0ns deadline=0ns
2025-11-26 21:23:28.354  3563-3563  DEBUG                   pid-3563                             A  *** *** *** *** *** *** *** *** *** *** *** *** *** *** *** ***
2025-11-26 21:23:28.355  3563-3563  DEBUG                   pid-3563                             A  Build fingerprint: 'google/sdk_gphone64_x86_64/emu64xa:16/BE2A.250530.026.E1/13823249:userdebug/dev-keys'
2025-11-26 21:23:28.356  3563-3563  DEBUG                   pid-3563                             A  Revision: '0'
2025-11-26 21:23:28.356  3563-3563  DEBUG                   pid-3563                             A  ABI: 'x86_64'
2025-11-26 21:23:28.356  3563-3563  DEBUG                   pid-3563                             A  Timestamp: 2025-11-26 13:23:27.337281550+0000
2025-11-26 21:23:28.356  3563-3563  DEBUG                   pid-3563                             A  Process uptime: 0s
2025-11-26 21:23:28.356  3563-3563  DEBUG                   pid-3563                             A  Cmdline: com.google.android.bluetooth
2025-11-26 21:23:28.356  3563-3563  DEBUG                   pid-3563                             A  pid: 3458, tid: 3518, name: droid.bluetooth  >>> com.google.android.bluetooth <<<
2025-11-26 21:23:28.356  3563-3563  DEBUG                   pid-3563                             A  uid: 1002
2025-11-26 21:23:28.356  3563-3563  DEBUG                   pid-3563                             A  signal 6 (SIGABRT), code -6 (SI_TKILL), fault addr --------
2025-11-26 21:23:28.356  3563-3563  DEBUG                   pid-3563                             A      rax fffffffffffffffc  rbx 000076ac99bc57e0  rcx 000076ae4492ebc7  rdx 000076ab01c48a00
2025-11-26 21:23:28.357  3563-3563  DEBUG                   pid-3563                             A      r8  0000000000000044  r9  000076ab01c48c30  r10 000076ac99bc5900  r11 0000000000000206
2025-11-26 21:23:28.357  3563-3563  DEBUG                   pid-3563                             A      r12 0000000000000000  r13 000076ac99bc5888  r14 0000000000000000  r15 00000000fffffff7
2025-11-26 21:23:28.357  3563-3563  DEBUG                   pid-3563                             A      rdi 0000000000000048  rsi 00000000c0306201
2025-11-26 21:23:28.357  3563-3563  DEBUG                   pid-3563                             A      rbp 000076ab01c48930  rsp 000076ab01c48858  rip 000076ae4492ebc7
2025-11-26 21:23:28.357  3563-3563  DEBUG                   pid-3563                             A  17 total frames
2025-11-26 21:23:28.357  3563-3563  DEBUG                   pid-3563                             A  backtrace:
2025-11-26 21:23:28.357  3563-3563  DEBUG                   pid-3563                             A        #00 pc 00000000000dcbc7  /apex/com.android.runtime/lib64/bionic/libc.so (__ioctl+7) (BuildId: fcb82240218d1473de1e3d2137c0be35)
2025-11-26 21:23:28.357  3563-3563  DEBUG                   pid-3563                             A        #01 pc 0000000000075e65  /apex/com.android.runtime/lib64/bionic/libc.so (ioctl+181) (BuildId: fcb82240218d1473de1e3d2137c0be35)
2025-11-26 21:23:28.357  3563-3563  DEBUG                   pid-3563                             A        #02 pc 0000000000062a6e  /system/lib64/libbinder.so (android::IPCThreadState::transact(int, unsigned int, android::Parcel const&, android::Parcel*, unsigned int)+2158) (BuildId: b7589d9934fb8f80f7e724921db0fb7a)
2025-11-26 21:23:28.357  3563-3563  DEBUG                   pid-3563                             A        #03 pc 00000000000794ef  /system/lib64/libbinder.so (android::BpBinder::transact(unsigned int, android::Parcel const&, android::Parcel*, unsigned int)+271) (BuildId: b7589d9934fb8f80f7e724921db0fb7a)
2025-11-26 21:23:28.357  3563-3563  DEBUG                   pid-3563                             A        #04 pc 000000000007916f  /system/lib64/libbinder.so (android::BpBinder::getInterfaceDescriptor() const+303) (BuildId: b7589d9934fb8f80f7e724921db0fb7a)
2025-11-26 21:23:28.357  3563-3563  DEBUG                   pid-3563                             A        #05 pc 000000000001760c  /system/lib64/libbinder_ndk.so (AIBinder_associateClass+76) (BuildId: 539680657566bf34a24aeb6699b7d097)
2025-11-26 21:23:28.357  3563-3563  DEBUG                   pid-3563                             A        #06 pc 0000000000c5e152  /apex/com.android.bt/lib64/libbluetooth_jni.so (aidl::android::hardware::bluetooth::IBluetoothHci::fromBinder(ndk::SpAIBinder const&)+50) (BuildId: 5ad9ec0d2adc136ac0002647a4a14c78)
2025-11-26 21:23:28.357  3563-3563  DEBUG                   pid-3563                             A        #07 pc 0000000000c5c4b3  /apex/com.android.bt/lib64/libbluetooth_jni.so (bluetooth::hal::HciBackend::CreateAidl()+131) (BuildId: 5ad9ec0d2adc136ac0002647a4a14c78)
2025-11-26 21:23:28.357  3563-3563  DEBUG                   pid-3563                             A        #08 pc 0000000000c5a9a6  /apex/com.android.bt/lib64/libbluetooth_jni.so (bluetooth::hal::HciHalImpl::HciHalImpl(bluetooth::os::Handler*, bluetooth::hal::LinkClocker&, bluetooth::hal::SnoopLogger*)+294) (BuildId: 5ad9ec0d2adc136ac0002647a4a14c78)
2025-11-26 21:23:28.358  3563-3563  DEBUG                   pid-3563                             A        #09 pc 000000000038d063  /apex/com.android.bt/lib64/libbluetooth_jni.so (bluetooth::shim::Stack::handle_start_up(std::__1::promise<void>)+131) (BuildId: 5ad9ec0d2adc136ac0002647a4a14c78)
