2025-11-26 21:25:01.530   788-1059  RegistrationProxy       system_server                        I  Provisioning required before keys are available for android.security.rkp.service.RegistrationProxy$2@7eecb9c
2025-11-26 21:25:01.533  3256-3763  RkpdRegistrationBinder  com.google.android.rkpdapp           E  RKPD failed to provision keys
                                                                                                    com.android.rkpdapp.RkpdException: No network detected.
                                                                                                    	at com.android.rkpdapp.interfaces.ServerInterface.fetchGeek(ServerInterface.java:235)
                                                                                                    	at com.android.rkpdapp.interfaces.ServerInterface.fetchGeekAndUpdate(ServerInterface.java:310)
                                                                                                    	at com.android.rkpdapp.service.RegistrationBinder.fetchGeekAndProvisionKeys(RegistrationBinder.java:150)
                                                                                                    	at com.android.rkpdapp.service.RegistrationBinder.getKeyWorker(RegistrationBinder.java:120)
                                                                                                    	at com.android.rkpdapp.service.RegistrationBinder.getKeyThreadWorker(RegistrationBinder.java:244)
                                                                                                    	at com.android.rkpdapp.service.RegistrationBinder.lambda$getKey$3(RegistrationBinder.java:231)
                                                                                                    	at com.android.rkpdapp.service.RegistrationBinder.$r8$lambda$3tjqw_fbETEHa8OE8G7aQdQksF8(RegistrationBinder.java:0)
                                                                                                    	at com.android.rkpdapp.service.RegistrationBinder$$ExternalSyntheticLambda12.run(R8$$SyntheticClass:0)
                                                                                                    	at java.util.concurrent.Executors$RunnableAdapter.call(Executors.java:524)
                                                                                                    	at java.util.concurrent.FutureTask.run(FutureTask.java:317)
                                                                                                    	at java.util.concurrent.ThreadPoolExecutor.runWorker(ThreadPoolExecutor.java:1156)
                                                                                                    	at java.util.concurrent.ThreadPoolExecutor$Worker.run(ThreadPoolExecutor.java:651)
                                                                                                    	at java.lang.Thread.run(Thread.java:1119)
2025-11-26 21:25:01.534   788-788   RemoteProvisionSysSvc   system_server                        E  RKP error fetching key for client 240267023: ERROR_PENDING_INTERNET_CONNECTIVITY: No network detected.
2025-11-26 21:25:01.534   300-300   keystore2               keystore2                            E  system/security/keystore2/rkpd_client/src/lib.rs:193 - IGetKeyCallback failed: ERROR_PENDING_INTERNET_CONNECTIVITY: No network detected.
2025-11-26 21:25:01.535   300-313   keystore2               keystore2                            E  system/security/keystore2/src/remote_provisioning.rs:94 - Error occurred: system/security/keystore2/rkpd_client/src/lib.rs:194: GetKeyCallback failed: r#ERROR_PENDING_INTERNET_CONNECTIVITY "ERROR_PENDING_INTERNET_CONNECTIVITY: No network detected."
                                                                                                    
                                                                                                    Caused by:
                                                                                                        Failed to get key: r#ERROR_PENDING_INTERNET_CONNECTIVITY
2025-11-26 21:25:01.535   300-313   keystore2               keystore2                            E  system/security/keystore2/src/error.rs:183 - system/security/keystore2/src/security_level.rs:570: Trying to get an attestation key
                                                                                                    
                                                                                                    Caused by:
                                                                                                        0: system/security/keystore2/src/attestation_key_utils.rs:69: Trying to get attestation key from RKPD.
                                                                                                        1: system/security/keystore2/rkpd_client/src/lib.rs:194: GetKeyCallback failed: r#ERROR_PENDING_INTERNET_CONNECTIVITY "ERROR_PENDING_INTERNET_CONNECTIVITY: No network detected."
                                                                                                           
                                                                                                           Caused by:
                                                                                                               Failed to get key: r#ERROR_PENDING_INTERNET_CONNECTIVITY
                                                                                                        2: Error::Rc(r#OUT_OF_KEYS_PENDING_INTERNET_CONNECTIVITY)
2025-11-26 21:25:01.540   788-1059  RemoteProvisionSysSvc   system_server                        I  getRegistration(android.hardware.security.keymint.IRemotelyProvisionedComponent/default)
2025-11-26 21:25:01.542   788-1043  Background...rolService system_server                        D  Package event received: 0
2025-11-26 21:25:01.513     0-0     servicemanager          kernel                               I  Caller(pid=300,uid=1017,sid=u:r:keystore:s0) Found android.hardware.security.keymint.IRemotelyProvisionedComponent/default in device VINTF manifest.
2025-11-26 21:25:01.542   788-1043  Background...rolService system_server                        D  Package event received: 0
2025-11-26 21:25:01.543   788-788   RegistrationProxy       system_server                        I  onServiceConnected: com.android.rkpdapp.service.RemoteProvisioningService
2025-11-26 21:25:01.546   788-1059  RegistrationProxy       system_server                        I  IGetRegistrationCallback.onSuccess
2025-11-26 21:25:01.518     0-0     servicemanager          kernel                               I  Caller(pid=3256,uid=10205,sid=u:r:rkpdapp:s0:c205,c256,c512,c768) Found android.hardware.security.keymint.IRemotelyProvisionedComponent/default in device VINTF manifest.
2025-11-26 21:25:01.548   788-840   RemoteProvisionSysSvc   system_server                        I  Fetching key 10146 for client 229044487
2025-11-26 21:25:01.548   788-840   RegistrationProxy       system_server                        I  getKeyAsync operation started with callback 267317812
2025-11-26 21:25:01.548  3256-3764  RkpdRegistrationBinder  com.google.android.rkpdapp           I  Key requested for : android.hardware.security.keymint.IRemotelyProvisionedComponent/default, clientUid: 1017, keyId: 10146, callback: 261150581
2025-11-26 21:25:01.549  3256-3764  RkpdRegistrationBinder  com.google.android.rkpdapp           I  No key assigned, looking for an available key with expiry of 2025-11-29T13:25:01.549421Z
2025-11-26 21:25:01.550  3256-3764  RkpdRegistrationBinder  com.google.android.rkpdapp           I  No key assigned, looking for an available key with expiry of 2025-11-26T14:25:01.548666Z
2025-11-26 21:25:01.551  3256-3764  RkpdRegistrationBinder  com.google.android.rkpdapp           I  No keys are available, kicking off provisioning
2025-11-26 21:25:01.551   788-840   RegistrationProxy       system_server                        I  Provisioning required before keys are available for android.security.rkp.service.RegistrationProxy$2@feef234
2025-11-26 21:25:01.553  3256-3764  RkpdRegistrationBinder  com.google.android.rkpdapp           E  RKPD failed to provision keys
                                                                                                    com.android.rkpdapp.RkpdException: No network detected.
                                                                                                    	at com.android.rkpdapp.interfaces.ServerInterface.fetchGeek(ServerInterface.java:235)
                                                                                                    	at com.android.rkpdapp.interfaces.ServerInterface.fetchGeekAndUpdate(ServerInterface.java:310)
                                                                                                    	at com.android.rkpdapp.service.RegistrationBinder.fetchGeekAndProvisionKeys(RegistrationBinder.java:150)
                                                                                                    	at com.android.rkpdapp.service.RegistrationBinder.getKeyWorker(RegistrationBinder.java:120)
                                                                                                    	at com.android.rkpdapp.service.RegistrationBinder.getKeyThreadWorker(RegistrationBinder.java:244)
                                                                                                    	at com.android.rkpdapp.service.RegistrationBinder.lambda$getKey$3(RegistrationBinder.java:231)
                                                                                                    	at com.android.rkpdapp.service.RegistrationBinder.$r8$lambda$3tjqw_fbETEHa8OE8G7aQdQksF8(RegistrationBinder.java:0)
                                                                                                    	at com.android.rkpdapp.service.RegistrationBinder$$ExternalSyntheticLambda12.run(R8$$SyntheticClass:0)
                                                                                                    	at java.util.concurrent.Executors$RunnableAdapter.call(Executors.java:524)
                                                                                                    	at java.util.concurrent.FutureTask.run(FutureTask.java:317)
                                                                                                    	at java.util.concurrent.ThreadPoolExecutor.runWorker(ThreadPoolExecutor.java:1156)
                                                                                                    	at java.util.concurrent.ThreadPoolExecutor$Worker.run(ThreadPoolExecutor.java:651)
                                                                                                    	at java.lang.Thread.run(Thread.java:1119)
2025-11-26 21:25:01.554   788-788   RemoteProvisionSysSvc   system_server                        E  RKP error fetching key for client 229044487: ERROR_PENDING_INTERNET_CONNECTIVITY: No network detected.
2025-11-26 21:25:01.554   300-313   keystore2               keystore2                            E  system/security/keystore2/rkpd_client/src/lib.rs:193 - IGetKeyCallback failed: ERROR_PENDING_INTERNET_CONNECTIVITY: No network detected.
2025-11-26 21:25:01.554   300-300   keystore2               keystore2                            E  system/security/keystore2/src/remote_provisioning.rs:94 - Error occurred: system/security/keystore2/rkpd_client/src/lib.rs:194: GetKeyCallback failed: r#ERROR_PENDING_INTERNET_CONNECTIVITY "ERROR_PENDING_INTERNET_CONNECTIVITY: No network detected."
                                                                                                    
                                                                                                    Caused by:
                                                                                                        Failed to get key: r#ERROR_PENDING_INTERNET_CONNECTIVITY
2025-11-26 21:25:01.555   300-300   keystore2               keystore2                            E  system/security/keystore2/src/error.rs:183 - system/security/keystore2/src/security_level.rs:570: Trying to get an attestation key
                                                                                                    
                                                                                                    Caused by:
                                                                                                        0: system/security/keystore2/src/attestation_key_utils.rs:69: Trying to get attestation key from RKPD.
                                                                                                        1: system/security/keystore2/rkpd_client/src/lib.rs:194: GetKeyCallback failed: r#ERROR_PENDING_INTERNET_CONNECTIVITY "ERROR_PENDING_INTERNET_CONNECTIVITY: No network detected."
                                                                                                           
                                                                                                           Caused by:
                                                                                                               Failed to get key: r#ERROR_PENDING_INTERNET_CONNECTIVITY
                                                                                                        2: Error::Rc(r#OUT_OF_KEYS_PENDING_INTERNET_CONNECTIVITY)
2025-11-26 21:25:01.629   521-3770  resolv                  netd                                 I  GetAddrInfoHandler::run: {100 786532 100 983140 10146 0}
2025-11-26 21:25:01.629   521-3771  resolv                  netd                                 I  res_nmkquery: (QUERY, IN, AAAA)
2025-11-26 21:25:01.629   521-3771  resolv                  netd                                 I  resolv_cache_lookup: FOUND IN CACHE entry=0x74081bfa42c0
2025-11-26 21:25:01.629   521-3771  resolv                  netd                                 I  doQuery: rcode=0, ancount=4, return value=403
2025-11-26 21:25:01.629   521-3772  resolv                  netd                                 I  res_nmkquery: (QUERY, IN, A)
2025-11-26 21:25:01.629   521-3772  resolv                  netd                                 I  resolv_cache_lookup: FOUND IN CACHE entry=0x74081bfa34e0
2025-11-26 21:25:01.629   521-3772  resolv                  netd                                 I  doQuery: rcode=0, ancount=5, return value=371
2025-11-26 21:25:02.392   521-2461  resolv                  netd                                 W  SSL_connect write error 0, mark 0xf0064: Try again
2025-11-26 21:25:02.392   521-2461  resolv                  netd                                 W  TLS Handshake failed
2025-11-26 21:25:02.392   521-2461  resolv                  netd                                 W  query failed
2025-11-26 21:25:02.392   521-2461  resolv                  netd                                 W  validateDnsTlsServer returned 0 for {10.0.2.3/}
2025-11-26 21:25:02.393   521-2461  resolv                  netd                                 W  Validation failed
2025-11-26 21:25:02.913  1178-3699  NetworkMonitor/100      com.android.networkstack.process     D  PROBE_HTTP http://connectivitycheck.gstatic.com/generate_204 Probe failed with exception java.net.SocketTimeoutException: failed to connect to connectivitycheck.gstatic.com/14.215.177.38 (port 80) from /10.0.2.15 (port 56960) after 10000ms
2025-11-26 21:25:02.914  1178-3697  NetworkMonitor/100      com.android.networkstack.process     D  isCaptivePortal: isSuccessful()=false isPortal()=false RedirectUrl=null isPartialConnectivity()=false Time=30072ms
2025-11-26 21:25:02.915   788-990   ConnectivityService     system_server                        D  [100 CELLULAR] validation failed
2025-11-26 21:25:05.653  1415-1415  BoundBrokerSvc          com.google.android.gms.persistent    D  onUnbind: Intent { act=com.google.android.gms.presencemanager.service.START dat=chimera-action:/... xflg=0x4 cmp=com.google.android.gms/.chimera.PersistentApiService }
2025-11-26 21:25:05.654  1415-1415  BoundBrokerSvc          com.google.android.gms.persistent    D  onUnbind: Intent { act=com.google.android.gms.presencemanager.service.INTERNAL_IDENTITY dat=chimera-action:/... xflg=0x4 cmp=com.google.android.gms/.chimera.PersistentApiService }
2025-11-26 21:25:05.967  1415-1415  BoundBrokerSvc          com.google.android.gms.persistent    D  onUnbind: Intent { act=com.google.android.gms.gmscompliance.service.START dat=chimera-action:/... xflg=0x4 cmp=com.google.android.gms/.chimera.PersistentBoundBrokerService }
2025-11-26 21:25:06.533  1415-1415  TrustedTime             com.google.android.gms.persistent    I  TrustedTimeMaintenanceTaskService destroyed [CONTEXT service_id=326 ]
2025-11-26 21:25:07.468   788-858   OomAdjuster             system_server                        D  Not killing cached processes
2025-11-26 21:25:10.932   521-3786  resolv                  netd                                 I  ResNSendHandler::run: 0 / {100 983140 100 983140 1073 1}
2025-11-26 21:25:10.932   521-3786  resolv                  netd                                 I  resolv_cache_lookup: FOUND IN CACHE entry=0x7409bbfa1bd0
2025-11-26 21:25:10.933   521-3787  resolv                  netd                                 I  ResNSendHandler::run: 0 / {100 983140 100 983140 1073 1}
2025-11-26 21:25:10.936   521-3788  resolv                  netd                                 I  ResNSendHandler::run: 0 / {100 983140 100 983140 1073 1}
2025-11-26 21:25:10.936   521-3788  resolv                  netd                                 I  resolv_cache_lookup: FOUND IN CACHE entry=0x74081bfa4760
2025-11-26 21:25:10.937   521-3789  resolv                  netd                                 I  ResNSendHandler::run: 0 / {100 983140 100 983140 1073 1}
2025-11-26 21:25:10.937   521-3789  resolv                  netd                                 I  resolv_cache_lookup: FOUND IN CACHE entry=0x7409bbfa2f10
2025-11-26 21:25:10.944  1178-3784  NetworkMonitor/100      com.android.networkstack.process     D  PROBE_DNS www.google.com 17ms OK 31.13.73.169,2001::1
2025-11-26 21:25:10.946   521-3790  resolv                  netd                                 I  GetAddrInfoHandler::run: {100 983140 100 983140 1073 1}
2025-11-26 21:25:10.948   521-3791  resolv                  netd                                 I  res_nmkquery: (QUERY, IN, AAAA)
2025-11-26 21:25:10.948   521-3792  resolv                  netd                                 I  res_nmkquery: (QUERY, IN, A)
2025-11-26 21:25:10.948   521-3792  resolv                  netd                                 I  resolv_cache_lookup: FOUND IN CACHE entry=0x7409bbfa2f10
2025-11-26 21:25:10.948   521-3792  resolv                  netd                                 I  doQuery: rcode=0, ancount=1, return value=296
2025-11-26 21:25:10.948   521-3791  resolv                  netd                                 I  resolv_cache_lookup: FOUND IN CACHE entry=0x7409bbfa1bd0
2025-11-26 21:25:10.949   521-3791  resolv                  netd                                 I  doQuery: rcode=0, ancount=1, return value=308
2025-11-26 21:25:11.139  1235-1411  SatelliteController     com.android.phone                    D  iisInCarrierRoamingNbIotNtn: satellite is disabled
2025-11-26 21:25:11.563   788-932   ActivityManager         system_server                        D  freezing 3256 com.google.android.rkpdapp
2025-11-26 21:25:11.565   788-990   InetDiagMessage         system_server                        D  Destroyed 0 sockets, proto=IPPROTO_TCP, family=AF_INET, states=14
2025-11-26 21:25:11.567   788-990   InetDiagMessage         system_server                        D  Destroyed 0 sockets, proto=IPPROTO_TCP, family=AF_INET6, states=14
2025-11-26 21:25:11.567   788-990   InetDiagMessage         system_server                        D  Destroyed live tcp sockets for uids={10205} in 2ms
2025-11-26 21:25:12.056   300-3762  keystore2               keystore2                            I  system/security/keystore2/watchdog/src/lib.rs:377 - Watchdog thread idle -> terminating. Have a great day.
2025-11-26 21:25:13.929   521-3795  resolv                  netd                                 I  GetAddrInfoHandler::run: {100 983140 100 983140 1073 1}
2025-11-26 21:25:13.930   521-3796  resolv                  netd                                 I  res_nmkquery: (QUERY, IN, AAAA)
2025-11-26 21:25:13.930   521-3797  resolv                  netd                                 I  res_nmkquery: (QUERY, IN, A)
2025-11-26 21:25:13.930   521-3796  resolv                  netd                                 I  resolv_cache_lookup: FOUND IN CACHE entry=0x74081bfa9160
2025-11-26 21:25:13.931   521-3796  resolv                  netd                                 I  doQuery: rcode=0, ancount=4, return value=404
2025-11-26 21:25:13.931   521-3797  resolv                  netd                                 I  resolv_cache_lookup: FOUND IN CACHE entry=0x74081bfa7ee0
2025-11-26 21:25:13.931   521-3797  resolv                  netd                                 I  doQuery: rcode=0, ancount=4, return value=356
2025-11-26 21:25:15.942   521-3787  resolv                  netd                                 I  res_nsend: used send_dg 0 terrno: 110
2025-11-26 21:25:16.490   788-1982  OomAdjuster             system_server                        D  Not killing cached processes
2025-11-26 21:25:17.531  1741-3302  ChimeraConfigurator     com.google.android.gms               W  Error syncing flags: aomg: SYNC_TIMEOUT, java.util.concurrent.TimeoutException: Timed out waiting for Task
2025-11-26 21:25:17.532  1741-3302  GmsDebugLogger          com.google.android.gms               I  [79] SYNC_TIMEOUT, java.util.concurrent.TimeoutException: Timed out waiting for Task
2025-11-26 21:25:17.536  1741-3302  GmsDebugLogger          com.google.android.gms               I  [52] 
2025-11-26 21:25:17.539  1741-3302  ChimeraConfigService    com.google.android.gms               W  Retry attempt was throttled. [CONTEXT service_id=264 ]
2025-11-26 21:25:17.539  1741-3302  GmsDebugLogger          com.google.android.gms               I  [83] 1 [tflite_dynamite]
2025-11-26 21:25:20.261   788-925   CpuMonitorService       system_server                        W  Current CPU frequency (2242240) is greater than maximum CPU frequency (2) for policy ID (4). Skipping CPU frequency policy
2025-11-26 21:25:20.262   788-925   CpuMonitorService       system_server                        W  Current CPU frequency (2351841) is greater than maximum CPU frequency (2) for policy ID (5). Skipping CPU frequency policy
2025-11-26 21:25:20.948   521-3787  resolv                  netd                                 I  res_nsend: used send_dg 0 terrno: 110
2025-11-26 21:25:20.949  1178-1178  DnsResolver             com.android.networkstack.process     W  resNetworkResult:android.system.ErrnoException: resNetworkResult failed: ETIMEDOUT (Connection timed out)
2025-11-26 21:25:20.953  1178-3785  NetworkMonitor/100      com.android.networkstack.process     D  PROBE_DNS connectivitycheck.gstatic.com 10027ms OK 14.215.177.38
2025-11-26 21:25:20.955   521-3809  resolv                  netd                                 I  GetAddrInfoHandler::run: {100 983140 100 983140 1073 1}
2025-11-26 21:25:20.955   521-3810  resolv                  netd                                 I  res_nmkquery: (QUERY, IN, AAAA)
2025-11-26 21:25:20.956   521-3811  resolv                  netd                                 I  res_nmkquery: (QUERY, IN, A)
2025-11-26 21:25:20.956   521-3811  resolv                  netd                                 I  resolv_cache_lookup: FOUND IN CACHE entry=0x74081bfa4760
2025-11-26 21:25:20.957   521-3811  resolv                  netd                                 I  doQuery: rcode=0, ancount=1, return value=318
2025-11-26 21:25:21.139  1235-1411  SatelliteController     com.android.phone                    D  iisInCarrierRoamingNbIotNtn: satellite is disabled
2025-11-26 21:25:25.422   788-859   OomAdjuster             system_server                        D  Not killing cached processes
2025-11-26 21:25:25.424   521-3816  resolv                  netd                                 I  GetAddrInfoHandler::run: {100 983140 100 983140 1000 1}
2025-11-26 21:25:25.424   521-3817  resolv                  netd                                 I  res_nmkquery: (QUERY, IN, AAAA)
2025-11-26 21:25:25.424   521-3817  resolv                  netd                                 I  resolv_cache_lookup: FOUND IN CACHE entry=0x74081bfa6eb0
2025-11-26 21:25:25.424   521-3817  resolv                  netd                                 I  doQuery: rcode=0, ancount=4, return value=401
2025-11-26 21:25:25.425   521-3818  resolv                  netd                                 I  res_nmkquery: (QUERY, IN, A)
2025-11-26 21:25:25.425   521-3818  resolv                  netd                                 I  resolv_cache_lookup: FOUND IN CACHE entry=0x74081bfa67c0
2025-11-26 21:25:25.425   521-3818  resolv                  netd                                 I  doQuery: rcode=0, ancount=4, return value=353
2025-11-26 21:25:25.962   521-3810  resolv                  netd                                 I  res_nsend: used send_dg 0 terrno: 110
2025-11-26 21:25:30.434   788-1024  SntpClient              system_server                        D  request time failed: java.net.SocketTimeoutException: Poll timed out
2025-11-26 21:25:30.969   521-3810  resolv                  netd                                 I  res_nsend: used send_dg 0 terrno: 110
2025-11-26 21:25:30.969   521-3810  resolv                  netd                                 I  doQuery: rcode=255, ancount=0, return value=-110
2025-11-26 21:25:30.975  1178-3784  NetworkMonitor/100      com.android.networkstack.process     D  PROBE_HTTPS https://www.google.com/generate_204 Probe failed with exception java.net.SocketTimeoutException: failed to connect to www.google.com/2001::1 (port 443) from /fec0::5054:ff:fe12:3456 (port 41412) after 10000ms
2025-11-26 21:25:31.141  1235-1411  SatelliteController     com.android.phone                    D  iisInCarrierRoamingNbIotNtn: satellite is disabled
2025-11-26 21:25:33.958  1178-3783  NetworkMonitor/100      com.android.networkstack.process     D  PROBE_FALLBACK http://play.googleapis.com/generate_204 Probe failed with exception java.net.SocketTimeoutException: failed to connect to play.googleapis.com/2001:4860:4802:34::223 (port 80) from /fec0::5054:ff:fe12:3456 (port 47912) after 10000ms
2025-11-26 21:25:35.443   788-1024  SntpClient              system_server                        D  request time failed: java.net.SocketTimeoutException: Poll timed out
2025-11-26 21:25:39.820   788-869   WifiService             system_server                        I  isFeatureSupported uid=1000 returns [WIFI_FEATURE_INFRA, WIFI_FEATURE_P2P, WIFI_FEATURE_MOBILE_HOTSPOT, WIFI_FEATURE_WPA3_SAE, WIFI_FEATURE_WPA3_SUITE_B, WIFI_FEATURE_OWE, WIFI_FEATURE_DPP, WIFI_FEATURE_AP_RAND_MAC, WIFI_FEATURE_MBO, WIFI_FEATURE_FILS_SHA256, WIFI_FEATURE_FILS_SHA384, WIFI_FEATURE_SAE_PK, WIFI_FEATURE_DPP_ENROLLEE_RESPONDER, WIFI_FEATURE_PASSPOINT_TERMS_AND_CONDITIONS, WIFI_FEATURE_WFD_R2, WIFI_FEATURE_DECORATED_IDENTITY, WIFI_FEATURE_TRUST_ON_FIRST_USE, WIFI_FEATURE_SET_TLS_MINIMUM_VERSION, WIFI_FEATURE_TLS_V1_3, WIFI_FEATURE_WEP, WIFI_FEATURE_WPA_PERSONAL]
2025-11-26 21:25:40.452   788-1024  SntpClient              system_server                        D  request time failed: java.net.SocketTimeoutException: Poll timed out
2025-11-26 21:25:40.977  1178-3785  NetworkMonitor/100      com.android.networkstack.process     D  PROBE_HTTP http://connectivitycheck.gstatic.com/generate_204 Probe failed with exception java.net.SocketTimeoutException: failed to connect to connectivitycheck.gstatic.com/14.215.177.38 (port 80) from /10.0.2.15 (port 59982) after 10000ms
2025-11-26 21:25:40.980  1178-3783  NetworkMonitor/100      com.android.networkstack.process     D  isCaptivePortal: isSuccessful()=false isPortal()=false RedirectUrl=null isPartialConnectivity()=false Time=30055ms
2025-11-26 21:25:40.983   788-990   ConnectivityService     system_server                        D  [100 CELLULAR] validation failed
2025-11-26 21:25:41.141  1235-1411  SatelliteController     com.android.phone                    D  iisInCarrierRoamingNbIotNtn: satellite is disabled
2025-11-26 21:25:45.462   788-1024  SntpClient              system_server                        D  request time failed: java.net.SocketTimeoutException: Poll timed out
2025-11-26 21:25:50.371   788-859   OomAdjuster             system_server                        D  Not killing cached processes
2025-11-26 21:25:50.387  1415-3843  WakeLock                com.google.android.gms.persistent    W  GCM_HB_ALARM release without a matched acquire!
2025-11-26 21:25:50.387  1415-3843  WakeLock                com.google.android.gms.persistent    W  GCM_HB_ALARM counter does not exist
2025-11-26 21:25:50.388  1415-3843  AlarmManager            com.google.android.gms.persistent    I  setExactAndAllowWhileIdle [name: GCM_CONN_ALARM type: 2 triggerAtMillis: 419823]
2025-11-26 21:25:50.469   788-1024  SntpClient              system_server                        D  request time failed: java.net.SocketTimeoutException: Poll timed out
2025-11-26 21:25:50.655  1415-3742  doxm                    com.google.android.gms.persistent    E  Phenotype registration failed [CONTEXT service_id=51 ]
                                                                                                    java.util.concurrent.TimeoutException: Timed out waiting for Task
                                                                                                    	at ebdw.o(:com.google.android.gms@250834038@25.08.34 (260800-739221510):53)
                                                                                                    	at doxm.a(:com.google.android.gms@250834038@25.08.34 (260800-739221510):68)
                                                                                                    	at com.google.android.gms.phenotype.sync.HeterodyneSyncTaskChimeraService.d(:com.google.android.gms@250834038@25.08.34 (260800-739221510):47)
                                                                                                    	at com.google.android.gms.phenotype.sync.HeterodyneSyncTaskChimeraService.a(:com.google.android.gms@250834038@25.08.34 (260800-739221510):126)
                                                                                                    	at bzof.call(:com.google.android.gms@250834038@25.08.34 (260800-739221510):32)
                                                                                                    	at java.util.concurrent.FutureTask.run(FutureTask.java:317)
                                                                                                    	at atin.c(:com.google.android.gms@250834038@25.08.34 (260800-739221510):50)
                                                                                                    	at atin.run(:com.google.android.gms@250834038@25.08.34 (260800-739221510):97)
                                                                                                    	at java.util.concurrent.ThreadPoolExecutor.runWorker(ThreadPoolExecutor.java:1156)
                                                                                                    	at java.util.concurrent.ThreadPoolExecutor$Worker.run(ThreadPoolExecutor.java:651)
                                                                                                    	at atoa.run(:com.google.android.gms@250834038@25.08.34 (260800-739221510):8)
                                                                                                    	at java.lang.Thread.run(Thread.java:1119)
2025-11-26 21:25:50.669  1415-3742  .gms.persistent         com.google.android.gms.persistent    I  AssetManager2(0x76abf9bbbe18) locale list changing from [] to [en-US]
2025-11-26 21:25:50.692  1415-3742  .gms.persistent         com.google.android.gms.persistent    I  AssetManager2(0x76abf9bba1f8) locale list changing from [] to [en-US]
2025-11-26 21:25:50.736  1415-3742  PhenotypeResourceReader com.google.android.gms.persistent    I  unable to find any Phenotype resource metadata for com.google.android.onetimeinitializer
2025-11-26 21:25:50.758  1415-3742  .gms.persistent         com.google.android.gms.persistent    I  AssetManager2(0x76abf9bb5d38) locale list changing from [] to [en-US]
2025-11-26 21:25:50.768  1415-3742  .gms.persistent         com.google.android.gms.persistent    I  AssetManager2(0x76abf9bc0f58) locale list changing from [] to [en-US]
2025-11-26 21:25:50.773  1415-3742  .gms.persistent         com.google.android.gms.persistent    I  AssetManager2(0x76abf9bbda38) locale list changing from [] to [en-US]
2025-11-26 21:25:50.785  1415-3742  .gms.persistent         com.google.android.gms.persistent    I  AssetManager2(0x76abf9bc2b78) locale list changing from [] to [en-US]
2025-11-26 21:25:50.798  1415-3742  .gms.persistent         com.google.android.gms.persistent    I  AssetManager2(0x76abf9bb88f8) locale list changing from [] to [en-US]
2025-11-26 21:25:50.802  1415-3742  .gms.persistent         com.google.android.gms.persistent    I  AssetManager2(0x76abf9bbf658) locale list changing from [] to [en-US]
2025-11-26 21:25:50.815  1415-3742  .gms.persistent         com.google.android.gms.persistent    I  AssetManager2(0x76abf9bb6058) locale list changing from [] to [en-US]
2025-11-26 21:25:50.822  1415-3742  .gms.persistent         com.google.android.gms.persistent    I  AssetManager2(0x76abf9bb9258) locale list changing from [] to [en-US]
2025-11-26 21:25:50.828  1415-3742  .gms.persistent         com.google.android.gms.persistent    I  AssetManager2(0x76abf9bc31b8) locale list changing from [] to [en-US]
2025-11-26 21:25:50.857  1415-3742  .gms.persistent         com.google.android.gms.persistent    I  AssetManager2(0x76abf9bc5418) locale list changing from [] to [en-US]
2025-11-26 21:25:50.864  1415-3742  .gms.persistent         com.google.android.gms.persistent    I  AssetManager2(0x76abf9bc1598) locale list changing from [] to [en-US]
2025-11-26 21:25:50.884  1415-3742  .gms.persistent         com.google.android.gms.persistent    I  AssetManager2(0x76abf9bb9898) locale list changing from [] to [en-US]
2025-11-26 21:25:50.890  1415-3742  .gms.persistent         com.google.android.gms.persistent    I  AssetManager2(0x76abf9bbecf8) locale list changing from [] to [en-US]
2025-11-26 21:25:50.895  1415-3742  PhenotypeResourceReader com.google.android.gms.persistent    I  unable to find any Phenotype resource metadata for com.google.android.modulemetadata
2025-11-26 21:25:50.914  1415-3742  .gms.persistent         com.google.android.gms.persistent    I  AssetManager2(0x76abf9bb8f38) locale list changing from [] to [en-US]
2025-11-26 21:25:50.930  1415-3742  .gms.persistent         com.google.android.gms.persistent    I  AssetManager2(0x76abf9bcab98) locale list changing from [] to [en-US]
2025-11-26 21:25:50.963  1415-3742  PhenotypeResourceReader com.google.android.gms.persistent    I  unable to find any Phenotype resource metadata for com.google.android.gsf
2025-11-26 21:25:50.965  1415-3742  PhenotypeResourceReader com.google.android.gms.persistent    I  unable to find any Phenotype resource metadata for com.google.android.tag
2025-11-26 21:25:50.968  1415-3742  .gms.persistent         com.google.android.gms.persistent    I  AssetManager2(0x76abf9bcc7b8) locale list changing from [] to [en-US]
2025-11-26 21:25:50.972  1415-3742  .gms.persistent         com.google.android.gms.persistent    I  AssetManager2(0x76abf9bca878) locale list changing from [] to [en-US]
2025-11-26 21:25:50.982  1415-3742  PhenotypeResourceReader com.google.android.gms.persistent    I  unable to find any Phenotype resource metadata for com.google.android.apps.nexuslauncher
2025-11-26 21:25:50.998  1415-3742  PhenotypeResourceReader com.google.android.gms.persistent    I  unable to find any Phenotype resource metadata for com.google.android.feedback
2025-11-26 21:25:51.005  1415-3742  .gms.persistent         com.google.android.gms.persistent    I  AssetManager2(0x76abf9bc7cb8) locale list changing from [] to [en-US]
2025-11-26 21:25:51.021  1415-3742  .gms.persistent         com.google.android.gms.persistent    I  AssetManager2(0x76abf9bc6d18) locale list changing from [] to [en-US]
2025-11-26 21:25:51.053  1415-3742  .gms.persistent         com.google.android.gms.persistent    I  AssetManager2(0x76abf9bc02d8) locale list changing from [] to [en-US]
2025-11-26 21:25:51.098  1415-3742  PhenotypeResourceReader com.google.android.gms.persistent    I  unable to find any Phenotype resource metadata for com.google.android.gms.supervision
2025-11-26 21:25:51.121  1415-3742  PhenotypeResourceReader com.google.android.gms.persistent    I  unable to find any Phenotype resource metadata for com.android.settings
2025-11-26 21:25:51.142  1235-1411  SatelliteController     com.android.phone                    D  iisInCarrierRoamingNbIotNtn: satellite is disabled
2025-11-26 21:25:51.143  1415-3742  .gms.persistent         com.google.android.gms.persistent    I  AssetManager2(0x76abf9bcc498) locale list changing from [] to [en-US]
2025-11-26 21:25:51.153  1415-3742  .gms.persistent         com.google.android.gms.persistent    I  AssetManager2(0x76abf9bccdf8) locale list changing from [] to [en-US]
2025-11-26 21:25:51.181  1415-3742  PhenotypeResourceReader com.google.android.gms.persistent    I  unable to find any Phenotype resource metadata for com.google.android.apps.wallpaper
2025-11-26 21:25:51.216  1415-3742  PhenotypeResourceReader com.google.android.gms.persistent    I  unable to find any Phenotype resource metadata for com.android.systemui
2025-11-26 21:25:51.225  1415-3742  .gms.persistent         com.google.android.gms.persistent    I  AssetManager2(0x76abf9bc69f8) locale list changing from [] to [en-US]
2025-11-26 21:25:51.266  1415-3742  .gms.persistent         com.google.android.gms.persistent    I  AssetManager2(0x76abf9bbecf8) locale list changing from [] to [en-US]
2025-11-26 21:25:51.424  1415-3742  HeterodyneSyncer        com.google.android.gms.persistent    I  Removed 0 invalid users [CONTEXT service_id=51 ]
2025-11-26 21:25:51.456  1415-3843  CCTFlatFileLogStore     com.google.android.gms.persistent    W  Excessive logging: 1 events, 159535 bytes from log source PHENOTYPE last 0s
2025-11-26 21:25:52.431  1641-2275  bbax                    com...oglequicksearchbox:interactor  I  (REDACTED) getHotwordActive::active query: %s, watch: %s, devices connected: %s
2025-11-26 21:25:55.477   788-1024  SntpClient              system_server                        D  request time failed: java.net.SocketTimeoutException: Poll timed out
2025-11-26 21:25:57.004   521-3855  resolv                  netd                                 I  ResNSendHandler::run: 0 / {100 983140 100 983140 1073 1}
2025-11-26 21:25:57.004   521-3855  resolv                  netd                                 I  resolv_cache_lookup: FOUND IN CACHE entry=0x7409bbfa1bd0
2025-11-26 21:25:57.008   521-3856  resolv                  netd                                 I  ResNSendHandler::run: 0 / {100 983140 100 983140 1073 1}
2025-11-26 21:25:57.008   521-3856  resolv                  netd                                 I  resolv_cache_lookup: FOUND IN CACHE entry=0x7409bbfa2f10
2025-11-26 21:25:57.009   521-3857  resolv                  netd                                 I  ResNSendHandler::run: 0 / {100 983140 100 983140 1073 1}
2025-11-26 21:25:57.013   521-3858  resolv                  netd                                 I  ResNSendHandler::run: 0 / {100 983140 100 983140 1073 1}
2025-11-26 21:25:57.013   521-3858  resolv                  netd                                 I  resolv_cache_lookup: FOUND IN CACHE entry=0x74081bfa4760
2025-11-26 21:25:57.013  1178-3853  NetworkMonitor/100      com.android.networkstack.process     D  PROBE_DNS www.google.com 11ms OK 31.13.73.169,2001::1
2025-11-26 21:25:57.016   521-3859  resolv                  netd                                 I  GetAddrInfoHandler::run: {100 983140 100 983140 1073 1}
2025-11-26 21:25:57.017   521-3860  resolv                  netd                                 I  res_nmkquery: (QUERY, IN, AAAA)
2025-11-26 21:25:57.017   521-3861  resolv                  netd                                 I  res_nmkquery: (QUERY, IN, A)
2025-11-26 21:25:57.017   521-3860  resolv                  netd                                 I  resolv_cache_lookup: FOUND IN CACHE entry=0x7409bbfa1bd0
2025-11-26 21:25:57.017   521-3860  resolv                  netd                                 I  doQuery: rcode=0, ancount=1, return value=308
2025-11-26 21:25:57.017   521-3861  resolv                  netd                                 I  resolv_cache_lookup: FOUND IN CACHE entry=0x7409bbfa2f10
2025-11-26 21:25:57.017   521-3861  resolv                  netd                                 I  doQuery: rcode=0, ancount=1, return value=296
2025-11-26 21:26:00.005   521-3866  resolv                  netd                                 I  GetAddrInfoHandler::run: {100 983140 100 983140 1073 1}
2025-11-26 21:26:00.006   521-3867  resolv                  netd                                 I  res_nmkquery: (QUERY, IN, AAAA)
2025-11-26 21:26:00.006   521-3867  resolv                  netd                                 I  resolv_cache_lookup: FOUND IN CACHE entry=0x7409bbfa1bd0
2025-11-26 21:26:00.006   521-3867  resolv                  netd                                 I  doQuery: rcode=0, ancount=1, return value=308
2025-11-26 21:26:00.007   521-3868  resolv                  netd                                 I  res_nmkquery: (QUERY, IN, A)
2025-11-26 21:26:00.007   521-3868  resolv                  netd                                 I  resolv_cache_lookup: FOUND IN CACHE entry=0x7409bbfa2f10
2025-11-26 21:26:00.007   521-3868  resolv                  netd                                 I  doQuery: rcode=0, ancount=1, return value=296
2025-11-26 21:26:00.485   788-1024  SntpClient              system_server                        D  request time failed: java.net.SocketTimeoutException: Poll timed out
2025-11-26 21:26:01.142  1235-1411  SatelliteController     com.android.phone                    D  iisInCarrierRoamingNbIotNtn: satellite is disabled
2025-11-26 21:26:02.016   521-3857  resolv                  netd                                 I  res_nsend: used send_dg 0 terrno: 110
2025-11-26 21:26:04.009  1597-1766  PickerSyncController    com...ndroid.providers.media.module  D  Attempting to enable cloud media queries.
2025-11-26 21:26:04.017  1597-1766  PickerSyncLockManager   com...ndroid.providers.media.module  D  Trying to acquire lock com.android.providers.media.photopicker.sync.CloseableReentrantLock@49750c2[Unlocked]. Lock Name = CLOUD_SYNC_LOCK. Threads that may be waiting to acquire this lock = [] with timeout.
2025-11-26 21:26:04.022  1597-1766  CloseableReentrantLock  com...ndroid.providers.media.module  D  Successfully acquired lock com.android.providers.media.photopicker.sync.CloseableReentrantLock@49750c2[Locked by thread com.android.providers.media.internal.modules.utils.BackgroundThread]. Lock Name = CLOUD_SYNC_LOCK. Threads that may be waiting to acquire this lock = []
2025-11-26 21:26:04.022  1597-1766  PickerSyncLockManager   com...ndroid.providers.media.module  D  Trying to acquire lock com.android.providers.media.photopicker.sync.CloseableReentrantLock@a98b090[Unlocked]. Lock Name = CLOUD_PROVIDER_LOCK. Threads that may be waiting to acquire this lock = [] with timeout.
2025-11-26 21:26:04.022  1597-1766  CloseableReentrantLock  com...ndroid.providers.media.module  D  Successfully acquired lock com.android.providers.media.photopicker.sync.CloseableReentrantLock@a98b090[Locked by thread com.android.providers.media.internal.modules.utils.BackgroundThread]. Lock Name = CLOUD_PROVIDER_LOCK. Threads that may be waiting to acquire this lock = []
2025-11-26 21:26:04.025  1597-1766  CloseableReentrantLock  com...ndroid.providers.media.module  D  Successfully released lock com.android.providers.media.photopicker.sync.CloseableReentrantLock@a98b090[Unlocked]. Lock Name = CLOUD_PROVIDER_LOCK. Threads that may be waiting to acquire this lock = []
2025-11-26 21:26:04.025  1597-1766  PickerSyncLockManager   com...ndroid.providers.media.module  D  Trying to acquire lock com.android.providers.media.photopicker.sync.CloseableReentrantLock@a98b090[Unlocked]. Lock Name = CLOUD_PROVIDER_LOCK. Threads that may be waiting to acquire this lock = [] with timeout.
2025-11-26 21:26:04.025  1597-1766  CloseableReentrantLock  com...ndroid.providers.media.module  D  Successfully acquired lock com.android.providers.media.photopicker.sync.CloseableReentrantLock@a98b090[Locked by thread com.android.providers.media.internal.modules.utils.BackgroundThread]. Lock Name = CLOUD_PROVIDER_LOCK. Threads that may be waiting to acquire this lock = []
2025-11-26 21:26:04.029  1597-1766  PickerSyncController    com...ndroid.providers.media.module  D  getSyncRequestParams() CLOUD, auth=null
2025-11-26 21:26:04.036  1597-1766  PickerSyncController    com...ndroid.providers.media.module  D     RESULT=SyncRequestParams{type=MEDIA_RESET, gen=0, latest=null, pageSize=1000}
2025-11-26 21:26:04.036  1597-1766  CloseableReentrantLock  com...ndroid.providers.media.module  D  Successfully released lock com.android.providers.media.photopicker.sync.CloseableReentrantLock@a98b090[Unlocked]. Lock Name = CLOUD_PROVIDER_LOCK. Threads that may be waiting to acquire this lock = []
2025-11-26 21:26:04.036  1597-1766  PickerSyncLockManager   com...ndroid.providers.media.module  D  Trying to acquire lock com.android.providers.media.photopicker.sync.CloseableReentrantLock@714aed3[Unlocked]. Lock Name = DB_CLOUD_LOCK. Threads that may be waiting to acquire this lock = [] with timeout.
2025-11-26 21:26:04.036  1597-1766  CloseableReentrantLock  com...ndroid.providers.media.module  D  Successfully acquired lock com.android.providers.media.photopicker.sync.CloseableReentrantLock@714aed3[Locked by thread com.android.providers.media.internal.modules.utils.BackgroundThread]. Lock Name = DB_CLOUD_LOCK. Threads that may be waiting to acquire this lock = []
2025-11-26 21:26:04.036  1597-1766  CloseableReentrantLock  com...ndroid.providers.media.module  D  Successfully released lock com.android.providers.media.photopicker.sync.CloseableReentrantLock@714aed3[Unlocked]. Lock Name = DB_CLOUD_LOCK. Threads that may be waiting to acquire this lock = []
2025-11-26 21:26:04.036  1597-1766  CloseableReentrantLock  com...ndroid.providers.media.module  D  Successfully released lock com.android.providers.media.photopicker.sync.CloseableReentrantLock@49750c2[Unlocked]. Lock Name = CLOUD_SYNC_LOCK. Threads that may be waiting to acquire this lock = []
2025-11-26 21:26:05.498   788-1024  SntpClient              system_server                        D  request time failed: java.net.SocketTimeoutException: Poll timed out
2025-11-26 21:26:05.498   788-1024  SntpClient              system_server                        D  request time failed
2025-11-26 21:26:06.460   788-1984  OomAdjuster             system_server                        D  Not killing cached processes
2025-11-26 21:26:07.022   521-3857  resolv                  netd                                 I  res_nsend: used send_dg 0 terrno: 110
2025-11-26 21:26:07.022  1178-1178  DnsResolver             com.android.networkstack.process     W  resNetworkResult:android.system.ErrnoException: resNetworkResult failed: ETIMEDOUT (Connection timed out)
2025-11-26 21:26:07.024  1178-3854  NetworkMonitor/100      com.android.networkstack.process     D  PROBE_DNS connectivitycheck.gstatic.com 10022ms OK 14.215.177.38
2025-11-26 21:26:07.026   521-3877  resolv                  netd                                 I  GetAddrInfoHandler::run: {100 983140 100 983140 1073 1}
2025-11-26 21:26:07.027   521-3878  resolv                  netd                                 I  res_nmkquery: (QUERY, IN, AAAA)
2025-11-26 21:26:07.027   521-3879  resolv                  netd                                 I  res_nmkquery: (QUERY, IN, A)
2025-11-26 21:26:07.027   521-3879  resolv                  netd                                 I  resolv_cache_lookup: FOUND IN CACHE entry=0x74081bfa4760
2025-11-26 21:26:07.027   521-3879  resolv                  netd                                 I  doQuery: rcode=0, ancount=1, return value=318
2025-11-26 21:26:11.143  1235-1411  SatelliteController     com.android.phone                    D  iisInCarrierRoamingNbIotNtn: satellite is disabled
2025-11-26 21:26:12.033   521-3878  resolv                  netd                                 I  res_nsend: used send_dg 0 terrno: 110
2025-11-26 21:26:14.107  1415-2356  WakeLock                com.google.android.gms.persistent    E  *gms_scheduler*/com.google.android.gms/.phenotype.service.sync.PhenotypeConfigurator ** IS FORCE-RELEASED ON TIMEOUT **
2025-11-26 21:26:15.121     0-0     healthd                 kernel                               W  battery l=100 v=5000 t=25.0 h=2 st=4 c=900000 fc=3000000 cc=10 chg=
2025-11-26 21:26:16.547   788-1059  OomAdjuster             system_server                        D  Not killing cached processes
2025-11-26 21:26:17.039   521-3878  resolv                  netd                                 I  res_nsend: used send_dg 0 terrno: 110
2025-11-26 21:26:17.039   521-3878  resolv                  netd                                 I  doQuery: rcode=255, ancount=0, return value=-110
